[2026-05-20 18:33:51.430] [info] [:] Logger initialized successfully. Path: logs/nexus.log
[2026-05-20 18:33:51.438] [info] [main.cpp:63] [QT] ====================================== (:0)
[2026-05-20 18:33:51.438] [info] [main.cpp:63] [QT] 初始化数据库... (:0)
[2026-05-20 18:33:51.438] [info] [main.cpp:63] [QT] 数据库文件路径: "D:/BIANJI/qt/AutomaticWeather_1/AutomaticWeather_1/build/Desktop_Qt_6_8_3_MinGW_64_bit-Release/weather_data.db" (:0)
[2026-05-20 18:33:51.438] [info] [main.cpp:63] [QT] 数据库文件不存在，将创建新文件 (:0)
[2026-05-20 18:33:51.440] [info] [main.cpp:63] [QT] 数据库连接成功 (:0)
[2026-05-20 18:33:51.447] [info] [main.cpp:63] [QT] 数据库表格创建成功 (:0)
[2026-05-20 18:33:51.447] [info] [main.cpp:63] [QT] 数据库初始化完成 (:0)
[2026-05-20 18:33:51.447] [info] [main.cpp:63] [QT] ====================================== (:0)
[2026-05-20 18:33:51.447] [info] [AutomaticWeather_1.cpp:32] 初始化数据库...
[2026-05-20 18:33:51.447] [info] [main.cpp:63] [QT] ====================================== (:0)
[2026-05-20 18:33:51.447] [info] [main.cpp:63] [QT] 初始化数据库... (:0)
[2026-05-20 18:33:51.447] [info] [main.cpp:63] [QT] 关闭已存在的数据库连接 (:0)
[2026-05-20 18:33:51.447] [info] [main.cpp:63] [QT] 数据库文件路径: "D:/BIANJI/qt/AutomaticWeather_1/AutomaticWeather_1/build/Desktop_Qt_6_8_3_MinGW_64_bit-Release/weather_data.db" (:0)
[2026-05-20 18:33:51.447] [info] [main.cpp:63] [QT] 数据库文件已存在，大小: 24576 字节 (:0)
[2026-05-20 18:33:51.447] [warning] [main.cpp:69] [QT] QSqlDatabasePrivate::removeDatabase: connection 'weather_connection' is still in use, all queries will cease to work. (:0)
[2026-05-20 18:33:51.447] [warning] [main.cpp:69] [QT] QSqlDatabasePrivate::addDatabase: duplicate connection name 'weather_connection', old connection removed. (:0)
[2026-05-20 18:33:51.447] [info] [main.cpp:63] [QT] 数据库连接成功 (:0)
[2026-05-20 18:33:51.448] [info] [main.cpp:63] [QT] 数据库表格创建成功 (:0)
[2026-05-20 18:33:51.448] [info] [main.cpp:63] [QT] 数据库初始化完成 (:0)
[2026-05-20 18:33:51.448] [info] [main.cpp:63] [QT] ====================================== (:0)
[2026-05-20 18:33:51.448] [info] [main.cpp:63] [QT] 数据库初始化成功，文件路径： "D:/BIANJI/qt/AutomaticWeather_1/AutomaticWeather_1/build/Desktop_Qt_6_8_3_MinGW_64_bit-Release/weather_data.db" (:0)
[2026-05-20 18:33:51.448] [info] [main.cpp:63] [QT] 未知数据类型 -1 (:0)
[2026-05-20 18:33:51.448] [info] [main.cpp:63] [QT] updateChart: 数据天数 = 0 (:0)
[2026-05-20 18:33:51.463] [info] [main.cpp:63] [QT] 发现新串口: "COM3" 描述: "Silicon Labs CP210x USB to UART Bridge" (:0)
[2026-05-20 18:33:51.463] [info] [main.cpp:63] [QT] 发现新串口: "COM1" 描述: "Virtual Serial Port 9 (Eltima Software)" (:0)
[2026-05-20 18:33:51.463] [info] [main.cpp:63] [QT] 发现新串口: "COM2" 描述: "Virtual Serial Port 9 (Eltima Software)" (:0)
[2026-05-20 18:33:51.463] [info] [main.cpp:63] [QT] 串口列表发生变化: (:0)
[2026-05-20 18:33:51.463] [info] [main.cpp:63] [QT]   之前: QList() (:0)
[2026-05-20 18:33:51.463] [info] [main.cpp:63] [QT]   现在: QList("COM3 (Silicon Labs CP210x USB to UART Bridge)", "COM1 (Virtual Serial Port 9 (Eltima Software))", "COM2 (Virtual Serial Port 9 (Eltima Software))") (:0)
[2026-05-20 18:33:51.476] [info] [main.cpp:63] [QT] 更新下拉框：共 3 个串口 (:0)
[2026-05-20 18:33:51.476] [info] [main.cpp:63] [QT] 串口热插拔监控已启动，间隔: 2000ms (:0)
[2026-05-20 18:33:51.478] [info] [main.cpp:63] [QT] updateChart: 数据天数 = 0 (:0)
[2026-05-20 18:33:51.478] [info] [main.cpp:63] [QT] 程序初始化完成 (:0)
[2026-05-20 18:33:51.592] [info] [main.cpp:63] [QT] 应用程序启动，中文测试：天气数据加载中…… (:0)
[2026-05-20 18:34:28.466] [info] [main.cpp:63] [QT] ====================================== (:0)
[2026-05-20 18:34:28.466] [info] [main.cpp:63] [QT] 开始连接传感器... (:0)
[2026-05-20 18:34:28.466] [info] [main.cpp:63] [QT] 连接参数： (:0)
[2026-05-20 18:34:28.466] [info] [main.cpp:63] [QT]   串口: "COM3" (:0)
[2026-05-20 18:34:28.466] [info] [main.cpp:63] [QT]   波特率: 9600 bps (:0)
[2026-05-20 18:34:28.466] [info] [main.cpp:63] [QT]   温湿度设备地址: 1 (:0)
[2026-05-20 18:34:28.466] [info] [main.cpp:63] [QT]   风速设备地址: 2 (:0)
[2026-05-20 18:34:28.466] [info] [main.cpp:63] [QT]   风向设备地址: 3 (:0)
[2026-05-20 18:34:28.466] [info] [main.cpp:63] [QT] 连接参数详情： (:0)
[2026-05-20 18:34:28.466] [info] [main.cpp:63] [QT] 纯端口名: "COM3" (:0)
[2026-05-20 18:34:28.466] [info] [main.cpp:63] [QT] 波特率: 9600 (:0)
[2026-05-20 18:34:28.466] [info] [main.cpp:63] [QT] 正在断开Modbus设备... (:0)
[2026-05-20 18:34:28.466] [info] [main.cpp:63] [QT] Modbus设备断开完成 (:0)
[2026-05-20 18:34:28.466] [info] [main.cpp:63] [QT] 设置串口参数... (:0)
[2026-05-20 18:34:28.466] [info] [main.cpp:63] [QT] 正在连接设备... (:0)
[2026-05-20 18:34:28.466] [info] [main.cpp:63] [QT] 设备状态: "连接中..." (:0)
[2026-05-20 18:34:28.515] [info] [main.cpp:63] [QT] 设备状态: "已连接" (:0)
[2026-05-20 18:34:28.515] [info] [main.cpp:63] [QT] 设备连接成功！ (:0)
[2026-05-20 18:34:28.515] [info] [main.cpp:63] [QT] 开始连续读取传感器数据... (:0)
[2026-05-20 18:34:28.515] [info] [main.cpp:63] [QT] 设备连接成功！ (:0)
[2026-05-20 18:34:28.516] [info] [main.cpp:63] [QT] 开始连续读取数据... (:0)
[2026-05-20 18:34:28.567] [info] [main.cpp:63] [QT] 设备连接请求已发送，等待响应... (:0)
[2026-05-20 18:34:28.567] [info] [main.cpp:63] [QT] 数据缓冲区已启动 (:0)
[2026-05-20 18:34:28.567] [info] [main.cpp:63] [QT] 启动数据缓冲区（每60次保存一次） (:0)
[2026-05-20 18:34:28.567] [info] [main.cpp:63] [QT] 启动树控件实时更新 (:0)
[2026-05-20 18:34:28.567] [info] [main.cpp:63] [QT] 等待设备连接确认... (:0)
[2026-05-20 18:34:28.567] [info] [main.cpp:63] [QT] ====================================== (:0)
[2026-05-20 18:34:29.014] [info] [main.cpp:63] [QT] 发送温湿度读取命令： (:0)
[2026-05-20 18:34:29.014] [info] [main.cpp:63] [QT]   设备地址: 1 (:0)
[2026-05-20 18:34:29.014] [info] [main.cpp:63] [QT]   起始寄存器: "0X0064" (:0)
[2026-05-20 18:34:29.014] [info] [main.cpp:63] [QT]   寄存器数量: 14 (:0)
[2026-05-20 18:34:29.015] [info] [main.cpp:63] [QT] 已设置超时时间: 5秒 (:0)
[2026-05-20 18:34:29.116] [info] [main.cpp:63] [QT] 收到传感器数据，开始解析... (:0)
[2026-05-20 18:34:29.116] [info] [main.cpp:63] [QT] === 温湿度传感器数据 === (:0)
[2026-05-20 18:34:29.116] [info] [main.cpp:63] [QT] 寄存器原始值（十六进制）： (:0)
[2026-05-20 18:34:29.116] [info] [main.cpp:63] [QT] "  REG[100] = 0X41D0" (:0)
[2026-05-20 18:34:29.116] [info] [main.cpp:63] [QT] "  REG[101] = 0X2AA9" (:0)
[2026-05-20 18:34:29.116] [info] [main.cpp:63] [QT] "  REG[102] = 0X423F" (:0)
[2026-05-20 18:34:29.116] [info] [main.cpp:63] [QT] "  REG[103] = 0X8447" (:0)
[2026-05-20 18:34:29.116] [info] [main.cpp:63] [QT] "  REG[104] = 0X42BB" (:0)
[2026-05-20 18:34:29.116] [info] [main.cpp:63] [QT] "  REG[105] = 0X2F9E" (:0)
[2026-05-20 18:34:29.116] [info] [main.cpp:63] [QT] "  REG[106] = 0X4161" (:0)
[2026-05-20 18:34:29.116] [info] [main.cpp:63] [QT] "  REG[107] = 0XF646" (:0)
[2026-05-20 18:34:29.116] [info] [main.cpp:63] [QT] "  REG[108] = 0X441F" (:0)
[2026-05-20 18:34:29.116] [info] [main.cpp:63] [QT] "  REG[109] = 0XD5A1" (:0)
[2026-05-20 18:34:29.116] [info] [main.cpp:63] [QT] "  REG[110] = 0X4491" (:0)
[2026-05-20 18:34:29.116] [info] [main.cpp:63] [QT] "  REG[111] = 0XDABE" (:0)
[2026-05-20 18:34:29.116] [info] [main.cpp:63] [QT] "  REG[112] = 0X3DEE" (:0)
[2026-05-20 18:34:29.116] [info] [main.cpp:63] [QT] "  REG[113] = 0XF7CC" (:0)
[2026-05-20 18:34:29.116] [info] [main.cpp:63] [QT] 解析结果： (:0)
[2026-05-20 18:34:29.116] [info] [main.cpp:63] [QT] "  温度: 26.02 °C" (:0)
[2026-05-20 18:34:29.116] [info] [main.cpp:63] [QT] "    原始: REG[100]=0X41D0, REG[101]=0X2AA9" (:0)
[2026-05-20 18:34:29.116] [info] [main.cpp:63] [QT] "  湿度: 47.88 %RH" (:0)
[2026-05-20 18:34:29.116] [info] [main.cpp:63] [QT] "    原始: REG[102]=0X423F, REG[103]=0X8447" (:0)
[2026-05-20 18:34:29.116] [info] [main.cpp:63] [QT] "  大气压: 93.59 kPa" (:0)
[2026-05-20 18:34:29.116] [info] [main.cpp:63] [QT] "    原始: REG[104]=0X42BB, REG[105]=0X2F9E" (:0)
[2026-05-20 18:34:29.116] [info] [main.cpp:63] [QT] "  露点温度: 14.12 °C" (:0)
[2026-05-20 18:34:29.116] [info] [main.cpp:63] [QT] "    原始: REG[106]=0X4161, REG[107]=0XF646" (:0)
[2026-05-20 18:34:29.116] [info] [main.cpp:63] [QT] "  海拔: 639.34 m" (:0)
[2026-05-20 18:34:29.116] [info] [main.cpp:63] [QT] "    原始: REG[108]=0X441F, REG[109]=0XD5A1" (:0)
[2026-05-20 18:34:29.116] [info] [main.cpp:63] [QT] "  含水量: 1166.84 mg/m³" (:0)
[2026-05-20 18:34:29.116] [info] [main.cpp:63] [QT] "    原始: REG[110]=0X4491, REG[111]=0XDABE" (:0)
[2026-05-20 18:34:29.116] [info] [main.cpp:63] [QT] "  含水量百分比: 11.67 %" (:0)
[2026-05-20 18:34:29.116] [info] [main.cpp:63] [QT] "    原始: REG[112]=0X3DEE, REG[113]=0XF7CC" (:0)
[2026-05-20 18:34:29.116] [info] [main.cpp:63] [QT] ================== (:0)
[2026-05-20 18:34:29.116] [info] [main.cpp:63] [QT] 数据已添加到缓冲区（每30次保存一次） (:0)
[2026-05-20 18:34:29.514] [info] [main.cpp:63] [QT] 发送风速读取命令： (:0)
[2026-05-20 18:34:29.514] [info] [main.cpp:63] [QT]   设备地址: 2 (:0)
[2026-05-20 18:34:29.514] [info] [main.cpp:63] [QT]   指令: 0x02 0x03 0x00 0x00 0x00 0x01 (:0)
[2026-05-20 18:34:29.592] [info] [main.cpp:63] [QT] === 解析风速数据 === (:0)
[2026-05-20 18:34:29.592] [info] [main.cpp:63] [QT] 原始数据(十六进制): "02 00 00" (:0)
[2026-05-20 18:34:29.592] [info] [main.cpp:63] [QT] 数据长度: 3 字节 (:0)
[2026-05-20 18:34:29.592] [info] [main.cpp:63] [QT] 风速数据解析: (:0)
[2026-05-20 18:34:29.592] [info] [main.cpp:63] [QT]   字节数: 0x "02" (:0)
[2026-05-20 18:34:29.592] [info] [main.cpp:63] [QT]   原始值: 0x "0000" (:0)
[2026-05-20 18:34:29.592] [info] [main.cpp:63] [QT]   十进制: 0 (:0)
[2026-05-20 18:34:29.592] [info] [main.cpp:63] [QT]   风速:  "0.0" m/s (:0)
[2026-05-20 18:34:29.592] [info] [main.cpp:63] [QT] ================== (:0)
[2026-05-20 18:34:29.592] [info] [main.cpp:63] [QT] ====================================== (:0)
[2026-05-20 18:34:29.592] [info] [main.cpp:63] [QT] 风速数据接收: (:0)
[2026-05-20 18:34:29.592] [info] [main.cpp:63] [QT]   风速: "0.0" m/s (:0)
[2026-05-20 18:34:29.592] [info] [main.cpp:63] [QT] 风速数据已添加到缓冲区 (:0)
[2026-05-20 18:34:30.014] [info] [main.cpp:63] [QT] 发送风向读取命令： (:0)
[2026-05-20 18:34:30.014] [info] [main.cpp:63] [QT]   设备地址: 3 (:0)
[2026-05-20 18:34:30.014] [info] [main.cpp:63] [QT]   指令: 0x03 0x03 0x00 0x00 0x00 0x02 (:0)
[2026-05-20 18:34:30.097] [info] [main.cpp:63] [QT] === 解析风向数据 === (:0)
[2026-05-20 18:34:30.097] [info] [main.cpp:63] [QT] 原始数据(十六进制): "04 00 06 01 0E" (:0)
[2026-05-20 18:34:30.097] [info] [main.cpp:63] [QT] 数据长度: 5 字节 (:0)
[2026-05-20 18:34:30.097] [info] [main.cpp:63] [QT] 风向数据解析: (:0)
[2026-05-20 18:34:30.097] [info] [main.cpp:63] [QT]   字节数: 0x "04" (:0)
[2026-05-20 18:34:30.097] [info] [main.cpp:63] [QT]   方位编码: 0x "0006" (:0)
[2026-05-20 18:34:30.097] [info] [main.cpp:63] [QT]   方位十进制: 6 (:0)
[2026-05-20 18:34:30.097] [info] [main.cpp:63] [QT]   风向描述: "西风" (:0)
[2026-05-20 18:34:30.097] [info] [main.cpp:63] [QT]   方位角度: 270 度 (:0)
[2026-05-20 18:34:30.097] [info] [main.cpp:63] [QT]   整数角度原始值: 0x "010E" (:0)
[2026-05-20 18:34:30.097] [info] [main.cpp:63] [QT]   整数角度十进制: 270 (:0)
[2026-05-20 18:34:30.097] [info] [main.cpp:63] [QT]   整数角度值: 270 度 (:0)
[2026-05-20 18:34:30.097] [info] [main.cpp:63] [QT] ================== (:0)
[2026-05-20 18:34:30.097] [info] [main.cpp:63] [QT] ====================================== (:0)
[2026-05-20 18:34:30.097] [info] [main.cpp:63] [QT] 风向数据接收: (:0)
[2026-05-20 18:34:30.097] [info] [main.cpp:63] [QT]   方位编码: 6 (:0)
[2026-05-20 18:34:30.097] [info] [main.cpp:63] [QT]   风向角度: 270 度 (:0)
[2026-05-20 18:34:30.097] [info] [main.cpp:63] [QT]   风向描述: "西风" (:0)
[2026-05-20 18:34:30.097] [info] [main.cpp:63] [QT] 风向数据已添加到缓冲区 (:0)
[2026-05-20 18:34:30.097] [info] [main.cpp:63] [QT] "风向: 西风 (270度) [编码: 0X0006]" (:0)
[2026-05-20 18:34:30.521] [info] [main.cpp:63] [QT] 发送温湿度读取命令： (:0)
[2026-05-20 18:34:30.521] [info] [main.cpp:63] [QT]   设备地址: 1 (:0)
[2026-05-20 18:34:30.521] [info] [main.cpp:63] [QT]   起始寄存器: "0X0064" (:0)
[2026-05-20 18:34:30.521] [info] [main.cpp:63] [QT]   寄存器数量: 14 (:0)
[2026-05-20 18:34:30.522] [info] [main.cpp:63] [QT] 已设置超时时间: 5秒 (:0)
[2026-05-20 18:34:30.625] [info] [main.cpp:63] [QT] 收到传感器数据，开始解析... (:0)
[2026-05-20 18:34:30.625] [info] [main.cpp:63] [QT] === 温湿度传感器数据 === (:0)
[2026-05-20 18:34:30.625] [info] [main.cpp:63] [QT] 寄存器原始值（十六进制）： (:0)
[2026-05-20 18:34:30.625] [info] [main.cpp:63] [QT] "  REG[100] = 0X41D0" (:0)
[2026-05-20 18:34:30.625] [info] [main.cpp:63] [QT] "  REG[101] = 0X3331" (:0)
[2026-05-20 18:34:30.625] [info] [main.cpp:63] [QT] "  REG[102] = 0X423F" (:0)
[2026-05-20 18:34:30.625] [info] [main.cpp:63] [QT] "  REG[103] = 0X0444" (:0)
[2026-05-20 18:34:30.625] [info] [main.cpp:63] [QT] "  REG[104] = 0X42BB" (:0)
[2026-05-20 18:34:30.625] [info] [main.cpp:63] [QT] "  REG[105] = 0X2F9E" (:0)
[2026-05-20 18:34:30.625] [info] [main.cpp:63] [QT] "  REG[106] = 0X4161" (:0)
[2026-05-20 18:34:30.625] [info] [main.cpp:63] [QT] "  REG[107] = 0X60AB" (:0)
[2026-05-20 18:34:30.625] [info] [main.cpp:63] [QT] "  REG[108] = 0X441F" (:0)
[2026-05-20 18:34:30.625] [info] [main.cpp:63] [QT] "  REG[109] = 0XD5A1" (:0)
[2026-05-20 18:34:30.625] [info] [main.cpp:63] [QT] "  REG[110] = 0X4491" (:0)
[2026-05-20 18:34:30.625] [info] [main.cpp:63] [QT] "  REG[111] = 0X81FF" (:0)
[2026-05-20 18:34:30.625] [info] [main.cpp:63] [QT] "  REG[112] = 0X3DEE" (:0)
[2026-05-20 18:34:30.625] [info] [main.cpp:63] [QT] "  REG[113] = 0X6664" (:0)
[2026-05-20 18:34:30.625] [info] [main.cpp:63] [QT] 解析结果： (:0)
[2026-05-20 18:34:30.625] [info] [main.cpp:63] [QT] "  温度: 26.02 °C" (:0)
[2026-05-20 18:34:30.625] [info] [main.cpp:63] [QT] "    原始: REG[100]=0X41D0, REG[101]=0X3331" (:0)
[2026-05-20 18:34:30.625] [info] [main.cpp:63] [QT] "  湿度: 47.75 %RH" (:0)
[2026-05-20 18:34:30.625] [info] [main.cpp:63] [QT] "    原始: REG[102]=0X423F, REG[103]=0X0444" (:0)
[2026-05-20 18:34:30.625] [info] [main.cpp:63] [QT] "  大气压: 93.59 kPa" (:0)
[2026-05-20 18:34:30.625] [info] [main.cpp:63] [QT] "    原始: REG[104]=0X42BB, REG[105]=0X2F9E" (:0)
[2026-05-20 18:34:30.625] [info] [main.cpp:63] [QT] "  露点温度: 14.09 °C" (:0)
[2026-05-20 18:34:30.625] [info] [main.cpp:63] [QT] "    原始: REG[106]=0X4161, REG[107]=0X60AB" (:0)
[2026-05-20 18:34:30.625] [info] [main.cpp:63] [QT] "  海拔: 639.34 m" (:0)
[2026-05-20 18:34:30.625] [info] [main.cpp:63] [QT] "    原始: REG[108]=0X441F, REG[109]=0XD5A1" (:0)
[2026-05-20 18:34:30.625] [info] [main.cpp:63] [QT] "  含水量: 1164.06 mg/m³" (:0)
[2026-05-20 18:34:30.625] [info] [main.cpp:63] [QT] "    原始: REG[110]=0X4491, REG[111]=0X81FF" (:0)
[2026-05-20 18:34:30.625] [info] [main.cpp:63] [QT] "  含水量百分比: 11.64 %" (:0)
[2026-05-20 18:34:30.625] [info] [main.cpp:63] [QT] "    原始: REG[112]=0X3DEE, REG[113]=0X6664" (:0)
[2026-05-20 18:34:30.625] [info] [main.cpp:63] [QT] ================== (:0)
[2026-05-20 18:34:30.625] [info] [main.cpp:63] [QT] 数据已添加到缓冲区（每30次保存一次） (:0)
[2026-05-20 18:34:31.022] [info] [main.cpp:63] [QT] 发送风速读取命令： (:0)
[2026-05-20 18:34:31.022] [info] [main.cpp:63] [QT]   设备地址: 2 (:0)
[2026-05-20 18:34:31.022] [info] [main.cpp:63] [QT]   指令: 0x02 0x03 0x00 0x00 0x00 0x01 (:0)
[2026-05-20 18:34:31.100] [info] [main.cpp:63] [QT] === 解析风速数据 === (:0)
[2026-05-20 18:34:31.100] [info] [main.cpp:63] [QT] 原始数据(十六进制): "02 00 00" (:0)
[2026-05-20 18:34:31.100] [info] [main.cpp:63] [QT] 数据长度: 3 字节 (:0)
[2026-05-20 18:34:31.100] [info] [main.cpp:63] [QT] 风速数据解析: (:0)
[2026-05-20 18:34:31.100] [info] [main.cpp:63] [QT]   字节数: 0x "02" (:0)
[2026-05-20 18:34:31.100] [info] [main.cpp:63] [QT]   原始值: 0x "0000" (:0)
[2026-05-20 18:34:31.100] [info] [main.cpp:63] [QT]   十进制: 0 (:0)
[2026-05-20 18:34:31.100] [info] [main.cpp:63] [QT]   风速:  "0.0" m/s (:0)
[2026-05-20 18:34:31.100] [info] [main.cpp:63] [QT] ================== (:0)
[2026-05-20 18:34:31.100] [info] [main.cpp:63] [QT] ====================================== (:0)
[2026-05-20 18:34:31.100] [info] [main.cpp:63] [QT] 风速数据接收: (:0)
[2026-05-20 18:34:31.100] [info] [main.cpp:63] [QT]   风速: "0.0" m/s (:0)
[2026-05-20 18:34:31.100] [info] [main.cpp:63] [QT] 风速数据已添加到缓冲区 (:0)
[2026-05-20 18:34:31.515] [info] [main.cpp:63] [QT] 发送风向读取命令： (:0)
[2026-05-20 18:34:31.515] [info] [main.cpp:63] [QT]   设备地址: 3 (:0)
[2026-05-20 18:34:31.515] [info] [main.cpp:63] [QT]   指令: 0x03 0x03 0x00 0x00 0x00 0x02 (:0)
[2026-05-20 18:34:31.596] [info] [main.cpp:63] [QT] === 解析风向数据 === (:0)
[2026-05-20 18:34:31.596] [info] [main.cpp:63] [QT] 原始数据(十六进制): "04 00 06 01 0E" (:0)
[2026-05-20 18:34:31.596] [info] [main.cpp:63] [QT] 数据长度: 5 字节 (:0)
[2026-05-20 18:34:31.596] [info] [main.cpp:63] [QT] 风向数据解析: (:0)
[2026-05-20 18:34:31.596] [info] [main.cpp:63] [QT]   字节数: 0x "04" (:0)
[2026-05-20 18:34:31.596] [info] [main.cpp:63] [QT]   方位编码: 0x "0006" (:0)
[2026-05-20 18:34:31.596] [info] [main.cpp:63] [QT]   方位十进制: 6 (:0)
[2026-05-20 18:34:31.596] [info] [main.cpp:63] [QT]   风向描述: "西风" (:0)
[2026-05-20 18:34:31.596] [info] [main.cpp:63] [QT]   方位角度: 270 度 (:0)
[2026-05-20 18:34:31.596] [info] [main.cpp:63] [QT]   整数角度原始值: 0x "010E" (:0)
[2026-05-20 18:34:31.596] [info] [main.cpp:63] [QT]   整数角度十进制: 270 (:0)
[2026-05-20 18:34:31.596] [info] [main.cpp:63] [QT]   整数角度值: 270 度 (:0)
[2026-05-20 18:34:31.596] [info] [main.cpp:63] [QT] ================== (:0)
[2026-05-20 18:34:31.596] [info] [main.cpp:63] [QT] ====================================== (:0)
[2026-05-20 18:34:31.596] [info] [main.cpp:63] [QT] 风向数据接收: (:0)
[2026-05-20 18:34:31.596] [info] [main.cpp:63] [QT]   方位编码: 6 (:0)
[2026-05-20 18:34:31.596] [info] [main.cpp:63] [QT]   风向角度: 270 度 (:0)
[2026-05-20 18:34:31.596] [info] [main.cpp:63] [QT]   风向描述: "西风" (:0)
[2026-05-20 18:34:31.597] [info] [main.cpp:63] [QT] 风向数据已添加到缓冲区 (:0)
[2026-05-20 18:34:31.597] [info] [main.cpp:63] [QT] "风向: 西风 (270度) [编码: 0X0006]" (:0)
[2026-05-20 18:34:32.020] [info] [main.cpp:63] [QT] 发送温湿度读取命令： (:0)
[2026-05-20 18:34:32.020] [info] [main.cpp:63] [QT]   设备地址: 1 (:0)
[2026-05-20 18:34:32.020] [info] [main.cpp:63] [QT]   起始寄存器: "0X0064" (:0)
[2026-05-20 18:34:32.020] [info] [main.cpp:63] [QT]   寄存器数量: 14 (:0)
[2026-05-20 18:34:32.020] [info] [main.cpp:63] [QT] 已设置超时时间: 5秒 (:0)
[2026-05-20 18:34:32.123] [info] [main.cpp:63] [QT] 收到传感器数据，开始解析... (:0)
[2026-05-20 18:34:32.123] [info] [main.cpp:63] [QT] === 温湿度传感器数据 === (:0)
[2026-05-20 18:34:32.123] [info] [main.cpp:63] [QT] 寄存器原始值（十六进制）： (:0)
[2026-05-20 18:34:32.123] [info] [main.cpp:63] [QT] "  REG[100] = 0X41D0" (:0)
[2026-05-20 18:34:32.123] [info] [main.cpp:63] [QT] "  REG[101] = 0X3331" (:0)
[2026-05-20 18:34:32.123] [info] [main.cpp:63] [QT] "  REG[102] = 0X423E" (:0)
[2026-05-20 18:34:32.123] [info] [main.cpp:63] [QT] "  REG[103] = 0X9998" (:0)
[2026-05-20 18:34:32.123] [info] [main.cpp:63] [QT] "  REG[104] = 0X42BB" (:0)
[2026-05-20 18:34:32.123] [info] [main.cpp:63] [QT] "  REG[105] = 0X2F1B" (:0)
[2026-05-20 18:34:32.123] [info] [main.cpp:63] [QT] "  REG[106] = 0X4160" (:0)
[2026-05-20 18:34:32.123] [info] [main.cpp:63] [QT] "  REG[107] = 0XD6C0" (:0)
[2026-05-20 18:34:32.123] [info] [main.cpp:63] [QT] "  REG[108] = 0X441F" (:0)
[2026-05-20 18:34:32.123] [info] [main.cpp:63] [QT] "  REG[109] = 0XDB2E" (:0)
[2026-05-20 18:34:32.123] [info] [main.cpp:63] [QT] "  REG[110] = 0X4491" (:0)
[2026-05-20 18:34:32.123] [info] [main.cpp:63] [QT] "  REG[111] = 0X30BD" (:0)
[2026-05-20 18:34:32.123] [info] [main.cpp:63] [QT] "  REG[112] = 0X3DED" (:0)
[2026-05-20 18:34:32.123] [info] [main.cpp:63] [QT] "  REG[113] = 0XE142" (:0)
[2026-05-20 18:34:32.123] [info] [main.cpp:63] [QT] 解析结果： (:0)
[2026-05-20 18:34:32.123] [info] [main.cpp:63] [QT] "  温度: 26.02 °C" (:0)
[2026-05-20 18:34:32.123] [info] [main.cpp:63] [QT] "    原始: REG[100]=0X41D0, REG[101]=0X3331" (:0)
[2026-05-20 18:34:32.123] [info] [main.cpp:63] [QT] "  湿度: 47.65 %RH" (:0)
[2026-05-20 18:34:32.123] [info] [main.cpp:63] [QT] "    原始: REG[102]=0X423E, REG[103]=0X9998" (:0)
[2026-05-20 18:34:32.123] [info] [main.cpp:63] [QT] "  大气压: 93.59 kPa" (:0)
[2026-05-20 18:34:32.123] [info] [main.cpp:63] [QT] "    原始: REG[104]=0X42BB, REG[105]=0X2F1B" (:0)
[2026-05-20 18:34:32.123] [info] [main.cpp:63] [QT] "  露点温度: 14.05 °C" (:0)
[2026-05-20 18:34:32.123] [info] [main.cpp:63] [QT] "    原始: REG[106]=0X4160, REG[107]=0XD6C0" (:0)
[2026-05-20 18:34:32.123] [info] [main.cpp:63] [QT] "  海拔: 639.42 m" (:0)
[2026-05-20 18:34:32.123] [info] [main.cpp:63] [QT] "    原始: REG[108]=0X441F, REG[109]=0XDB2E" (:0)
[2026-05-20 18:34:32.123] [info] [main.cpp:63] [QT] "  含水量: 1161.52 mg/m³" (:0)
[2026-05-20 18:34:32.123] [info] [main.cpp:63] [QT] "    原始: REG[110]=0X4491, REG[111]=0X30BD" (:0)
[2026-05-20 18:34:32.123] [info] [main.cpp:63] [QT] "  含水量百分比: 11.62 %" (:0)
[2026-05-20 18:34:32.123] [info] [main.cpp:63] [QT] "    原始: REG[112]=0X3DED, REG[113]=0XE142" (:0)
[2026-05-20 18:34:32.123] [info] [main.cpp:63] [QT] ================== (:0)
[2026-05-20 18:34:32.123] [info] [main.cpp:63] [QT] 数据已添加到缓冲区（每30次保存一次） (:0)
[2026-05-20 18:34:32.524] [info] [main.cpp:63] [QT] 发送风速读取命令： (:0)
[2026-05-20 18:34:32.524] [info] [main.cpp:63] [QT]   设备地址: 2 (:0)
[2026-05-20 18:34:32.524] [info] [main.cpp:63] [QT]   指令: 0x02 0x03 0x00 0x00 0x00 0x01 (:0)
[2026-05-20 18:34:32.602] [info] [main.cpp:63] [QT] === 解析风速数据 === (:0)
[2026-05-20 18:34:32.602] [info] [main.cpp:63] [QT] 原始数据(十六进制): "02 00 00" (:0)
[2026-05-20 18:34:32.602] [info] [main.cpp:63] [QT] 数据长度: 3 字节 (:0)
[2026-05-20 18:34:32.602] [info] [main.cpp:63] [QT] 风速数据解析: (:0)
[2026-05-20 18:34:32.602] [info] [main.cpp:63] [QT]   字节数: 0x "02" (:0)
[2026-05-20 18:34:32.602] [info] [main.cpp:63] [QT]   原始值: 0x "0000" (:0)
[2026-05-20 18:34:32.602] [info] [main.cpp:63] [QT]   十进制: 0 (:0)
[2026-05-20 18:34:32.602] [info] [main.cpp:63] [QT]   风速:  "0.0" m/s (:0)
[2026-05-20 18:34:32.602] [info] [main.cpp:63] [QT] ================== (:0)
[2026-05-20 18:34:32.602] [info] [main.cpp:63] [QT] ====================================== (:0)
[2026-05-20 18:34:32.602] [info] [main.cpp:63] [QT] 风速数据接收: (:0)
[2026-05-20 18:34:32.602] [info] [main.cpp:63] [QT]   风速: "0.0" m/s (:0)
[2026-05-20 18:34:32.602] [info] [main.cpp:63] [QT] 风速数据已添加到缓冲区 (:0)
[2026-05-20 18:34:33.015] [info] [main.cpp:63] [QT] 发送风向读取命令： (:0)
[2026-05-20 18:34:33.016] [info] [main.cpp:63] [QT]   设备地址: 3 (:0)
[2026-05-20 18:34:33.016] [info] [main.cpp:63] [QT]   指令: 0x03 0x03 0x00 0x00 0x00 0x02 (:0)
[2026-05-20 18:34:33.098] [info] [main.cpp:63] [QT] === 解析风向数据 === (:0)
[2026-05-20 18:34:33.098] [info] [main.cpp:63] [QT] 原始数据(十六进制): "04 00 06 01 0E" (:0)
[2026-05-20 18:34:33.098] [info] [main.cpp:63] [QT] 数据长度: 5 字节 (:0)
[2026-05-20 18:34:33.098] [info] [main.cpp:63] [QT] 风向数据解析: (:0)
[2026-05-20 18:34:33.098] [info] [main.cpp:63] [QT]   字节数: 0x "04" (:0)
[2026-05-20 18:34:33.098] [info] [main.cpp:63] [QT]   方位编码: 0x "0006" (:0)
[2026-05-20 18:34:33.098] [info] [main.cpp:63] [QT]   方位十进制: 6 (:0)
[2026-05-20 18:34:33.098] [info] [main.cpp:63] [QT]   风向描述: "西风" (:0)
[2026-05-20 18:34:33.098] [info] [main.cpp:63] [QT]   方位角度: 270 度 (:0)
[2026-05-20 18:34:33.098] [info] [main.cpp:63] [QT]   整数角度原始值: 0x "010E" (:0)
[2026-05-20 18:34:33.098] [info] [main.cpp:63] [QT]   整数角度十进制: 270 (:0)
[2026-05-20 18:34:33.098] [info] [main.cpp:63] [QT]   整数角度值: 270 度 (:0)
[2026-05-20 18:34:33.098] [info] [main.cpp:63] [QT] ================== (:0)
[2026-05-20 18:34:33.098] [info] [main.cpp:63] [QT] ====================================== (:0)
[2026-05-20 18:34:33.098] [info] [main.cpp:63] [QT] 风向数据接收: (:0)
[2026-05-20 18:34:33.098] [info] [main.cpp:63] [QT]   方位编码: 6 (:0)
[2026-05-20 18:34:33.098] [info] [main.cpp:63] [QT]   风向角度: 270 度 (:0)
[2026-05-20 18:34:33.098] [info] [main.cpp:63] [QT]   风向描述: "西风" (:0)
[2026-05-20 18:34:33.098] [info] [main.cpp:63] [QT] 风向数据已添加到缓冲区 (:0)
[2026-05-20 18:34:33.098] [info] [main.cpp:63] [QT] "风向: 西风 (270度) [编码: 0X0006]" (:0)
[2026-05-20 18:34:33.516] [info] [main.cpp:63] [QT] 发送温湿度读取命令： (:0)
[2026-05-20 18:34:33.516] [info] [main.cpp:63] [QT]   设备地址: 1 (:0)
[2026-05-20 18:34:33.516] [info] [main.cpp:63] [QT]   起始寄存器: "0X0064" (:0)
[2026-05-20 18:34:33.516] [info] [main.cpp:63] [QT]   寄存器数量: 14 (:0)
[2026-05-20 18:34:33.516] [info] [main.cpp:63] [QT] 已设置超时时间: 5秒 (:0)
[2026-05-20 18:34:33.617] [info] [main.cpp:63] [QT] 收到传感器数据，开始解析... (:0)
[2026-05-20 18:34:33.618] [info] [main.cpp:63] [QT] === 温湿度传感器数据 === (:0)
[2026-05-20 18:34:33.618] [info] [main.cpp:63] [QT] 寄存器原始值（十六进制）： (:0)
[2026-05-20 18:34:33.618] [info] [main.cpp:63] [QT] "  REG[100] = 0X41D0" (:0)
[2026-05-20 18:34:33.618] [info] [main.cpp:63] [QT] "  REG[101] = 0X3333" (:0)
[2026-05-20 18:34:33.618] [info] [main.cpp:63] [QT] "  REG[102] = 0X423E" (:0)
[2026-05-20 18:34:33.618] [info] [main.cpp:63] [QT] "  REG[103] = 0X2AA9" (:0)
[2026-05-20 18:34:33.618] [info] [main.cpp:63] [QT] "  REG[104] = 0X42BB" (:0)
[2026-05-20 18:34:33.618] [info] [main.cpp:63] [QT] "  REG[105] = 0X2F1B" (:0)
[2026-05-20 18:34:33.618] [info] [main.cpp:63] [QT] "  REG[106] = 0X4160" (:0)
[2026-05-20 18:34:33.618] [info] [main.cpp:63] [QT] "  REG[107] = 0X470E" (:0)
[2026-05-20 18:34:33.618] [info] [main.cpp:63] [QT] "  REG[108] = 0X441F" (:0)
[2026-05-20 18:34:33.618] [info] [main.cpp:63] [QT] "  REG[109] = 0XDB2E" (:0)
[2026-05-20 18:34:33.618] [info] [main.cpp:63] [QT] "  REG[110] = 0X4490" (:0)
[2026-05-20 18:34:33.618] [info] [main.cpp:63] [QT] "  REG[111] = 0XDC3E" (:0)
[2026-05-20 18:34:33.618] [info] [main.cpp:63] [QT] "  REG[112] = 0X3DED" (:0)
[2026-05-20 18:34:33.618] [info] [main.cpp:63] [QT] "  REG[113] = 0X56D3" (:0)
[2026-05-20 18:34:33.618] [info] [main.cpp:63] [QT] 解析结果： (:0)
[2026-05-20 18:34:33.618] [info] [main.cpp:63] [QT] "  温度: 26.02 °C" (:0)
[2026-05-20 18:34:33.618] [info] [main.cpp:63] [QT] "    原始: REG[100]=0X41D0, REG[101]=0X3333" (:0)
[2026-05-20 18:34:33.618] [info] [main.cpp:63] [QT] "  湿度: 47.54 %RH" (:0)
[2026-05-20 18:34:33.618] [info] [main.cpp:63] [QT] "    原始: REG[102]=0X423E, REG[103]=0X2AA9" (:0)
[2026-05-20 18:34:33.618] [info] [main.cpp:63] [QT] "  大气压: 93.59 kPa" (:0)
[2026-05-20 18:34:33.618] [info] [main.cpp:63] [QT] "    原始: REG[104]=0X42BB, REG[105]=0X2F1B" (:0)
[2026-05-20 18:34:33.618] [info] [main.cpp:63] [QT] "  露点温度: 14.02 °C" (:0)
[2026-05-20 18:34:33.618] [info] [main.cpp:63] [QT] "    原始: REG[106]=0X4160, REG[107]=0X470E" (:0)
[2026-05-20 18:34:33.618] [info] [main.cpp:63] [QT] "  海拔: 639.42 m" (:0)
[2026-05-20 18:34:33.618] [info] [main.cpp:63] [QT] "    原始: REG[108]=0X441F, REG[109]=0XDB2E" (:0)
[2026-05-20 18:34:33.618] [info] [main.cpp:63] [QT] "  含水量: 1158.88 mg/m³" (:0)
[2026-05-20 18:34:33.618] [info] [main.cpp:63] [QT] "    原始: REG[110]=0X4490, REG[111]=0XDC3E" (:0)
[2026-05-20 18:34:33.618] [info] [main.cpp:63] [QT] "  含水量百分比: 11.59 %" (:0)
[2026-05-20 18:34:33.618] [info] [main.cpp:63] [QT] "    原始: REG[112]=0X3DED, REG[113]=0X56D3" (:0)
[2026-05-20 18:34:33.618] [info] [main.cpp:63] [QT] ================== (:0)
[2026-05-20 18:34:33.618] [info] [main.cpp:63] [QT] 数据已添加到缓冲区（每30次保存一次） (:0)
[2026-05-20 18:34:34.019] [info] [main.cpp:63] [QT] 发送风速读取命令： (:0)
[2026-05-20 18:34:34.019] [info] [main.cpp:63] [QT]   设备地址: 2 (:0)
[2026-05-20 18:34:34.019] [info] [main.cpp:63] [QT]   指令: 0x02 0x03 0x00 0x00 0x00 0x01 (:0)
[2026-05-20 18:34:34.098] [info] [main.cpp:63] [QT] === 解析风速数据 === (:0)
[2026-05-20 18:34:34.098] [info] [main.cpp:63] [QT] 原始数据(十六进制): "02 00 00" (:0)
[2026-05-20 18:34:34.098] [info] [main.cpp:63] [QT] 数据长度: 3 字节 (:0)
[2026-05-20 18:34:34.098] [info] [main.cpp:63] [QT] 风速数据解析: (:0)
[2026-05-20 18:34:34.098] [info] [main.cpp:63] [QT]   字节数: 0x "02" (:0)
[2026-05-20 18:34:34.098] [info] [main.cpp:63] [QT]   原始值: 0x "0000" (:0)
[2026-05-20 18:34:34.098] [info] [main.cpp:63] [QT]   十进制: 0 (:0)
[2026-05-20 18:34:34.098] [info] [main.cpp:63] [QT]   风速:  "0.0" m/s (:0)
[2026-05-20 18:34:34.098] [info] [main.cpp:63] [QT] ================== (:0)
[2026-05-20 18:34:34.098] [info] [main.cpp:63] [QT] ====================================== (:0)
[2026-05-20 18:34:34.098] [info] [main.cpp:63] [QT] 风速数据接收: (:0)
[2026-05-20 18:34:34.098] [info] [main.cpp:63] [QT]   风速: "0.0" m/s (:0)
[2026-05-20 18:34:34.098] [info] [main.cpp:63] [QT] 风速数据已添加到缓冲区 (:0)
[2026-05-20 18:34:34.521] [info] [main.cpp:63] [QT] 发送风向读取命令： (:0)
[2026-05-20 18:34:34.521] [info] [main.cpp:63] [QT]   设备地址: 3 (:0)
[2026-05-20 18:34:34.521] [info] [main.cpp:63] [QT]   指令: 0x03 0x03 0x00 0x00 0x00 0x02 (:0)
[2026-05-20 18:34:34.578] [info] [main.cpp:63] [QT] ====================================== (:0)
[2026-05-20 18:34:34.578] [info] [main.cpp:63] [QT] 数据缓冲区已满（60次数据），开始保存到数据库 (:0)
[2026-05-20 18:34:34.578] [info] [main.cpp:63] [QT] 时间戳: "2026-05-20 18:34:34" (:0)
[2026-05-20 18:34:34.578] [info] [main.cpp:63] [QT] 温度: 26.024 °C (:0)
[2026-05-20 18:34:34.578] [info] [main.cpp:63] [QT] 湿度: 47.7062 %RH (:0)
[2026-05-20 18:34:34.578] [info] [main.cpp:63] [QT] 大气压: 93.5925 kPa (:0)
[2026-05-20 18:34:34.578] [info] [main.cpp:63] [QT] 露点温度: 14.0696 °C (:0)
[2026-05-20 18:34:34.578] [info] [main.cpp:63] [QT] 海拔: 639.381 m (:0)
[2026-05-20 18:34:34.578] [info] [main.cpp:63] [QT] 含水量: 1162.83 g/m³ (:0)
[2026-05-20 18:34:34.578] [info] [main.cpp:63] [QT] 含水量百分比: 11.6283 % (:0)
[2026-05-20 18:34:34.578] [info] [main.cpp:63] [QT] 风速: 0 m/s (:0)
[2026-05-20 18:34:34.578] [info] [main.cpp:63] [QT] 风向角度: 271 度 (:0)
[2026-05-20 18:34:34.579] [info] [main.cpp:63] [QT] 风向描述: "西风" (:0)
[2026-05-20 18:34:34.588] [info] [main.cpp:63] [QT] 平均数据已成功保存到数据库 (:0)
[2026-05-20 18:34:34.590] [info] [main.cpp:63] [QT] 添加日期到树控件: "2026-05-20" (:0)
[2026-05-20 18:34:34.591] [info] [main.cpp:63] [QT] 更新树控件数据条数: "2026-05-20" -> 1 条 (:0)
[2026-05-20 18:34:34.596] [info] [main.cpp:63] [QT] updateChart: 数据天数 = 4 (:0)
[2026-05-20 18:34:34.597] [info] [main.cpp:63] [QT] min系列点数 = 3 max系列点数 = 3 (:0)
[2026-05-20 18:34:34.621] [info] [main.cpp:63] [QT] === 解析风向数据 === (:0)
[2026-05-20 18:34:34.621] [info] [main.cpp:63] [QT] 原始数据(十六进制): "04 00 06 01 0E" (:0)
[2026-05-20 18:34:34.621] [info] [main.cpp:63] [QT] 数据长度: 5 字节 (:0)
[2026-05-20 18:34:34.621] [info] [main.cpp:63] [QT] 风向数据解析: (:0)
[2026-05-20 18:34:34.621] [info] [main.cpp:63] [QT]   字节数: 0x "04" (:0)
[2026-05-20 18:34:34.621] [info] [main.cpp:63] [QT]   方位编码: 0x "0006" (:0)
[2026-05-20 18:34:34.621] [info] [main.cpp:63] [QT]   方位十进制: 6 (:0)
[2026-05-20 18:34:34.621] [info] [main.cpp:63] [QT]   风向描述: "西风" (:0)
[2026-05-20 18:34:34.621] [info] [main.cpp:63] [QT]   方位角度: 270 度 (:0)
[2026-05-20 18:34:34.621] [info] [main.cpp:63] [QT]   整数角度原始值: 0x "010E" (:0)
[2026-05-20 18:34:34.621] [info] [main.cpp:63] [QT]   整数角度十进制: 270 (:0)
[2026-05-20 18:34:34.621] [info] [main.cpp:63] [QT]   整数角度值: 270 度 (:0)
[2026-05-20 18:34:34.621] [info] [main.cpp:63] [QT] ================== (:0)
[2026-05-20 18:34:34.621] [info] [main.cpp:63] [QT] ====================================== (:0)
[2026-05-20 18:34:34.621] [info] [main.cpp:63] [QT] 风向数据接收: (:0)
[2026-05-20 18:34:34.621] [info] [main.cpp:63] [QT]   方位编码: 6 (:0)
[2026-05-20 18:34:34.621] [info] [main.cpp:63] [QT]   风向角度: 270 度 (:0)
[2026-05-20 18:34:34.621] [info] [main.cpp:63] [QT]   风向描述: "西风" (:0)
[2026-05-20 18:34:34.621] [info] [main.cpp:63] [QT] 风向数据已添加到缓冲区 (:0)
[2026-05-20 18:34:34.621] [info] [main.cpp:63] [QT] "风向: 西风 (270度) [编码: 0X0006]" (:0)
[2026-05-20 18:34:35.018] [info] [main.cpp:63] [QT] 发送温湿度读取命令： (:0)
[2026-05-20 18:34:35.018] [info] [main.cpp:63] [QT]   设备地址: 1 (:0)
[2026-05-20 18:34:35.018] [info] [main.cpp:63] [QT]   起始寄存器: "0X0064" (:0)
[2026-05-20 18:34:35.018] [info] [main.cpp:63] [QT]   寄存器数量: 14 (:0)
[2026-05-20 18:34:35.018] [info] [main.cpp:63] [QT] 已设置超时时间: 5秒 (:0)
[2026-05-20 18:34:35.120] [info] [main.cpp:63] [QT] 收到传感器数据，开始解析... (:0)
[2026-05-20 18:34:35.120] [info] [main.cpp:63] [QT] === 温湿度传感器数据 === (:0)
[2026-05-20 18:34:35.120] [info] [main.cpp:63] [QT] 寄存器原始值（十六进制）： (:0)
[2026-05-20 18:34:35.120] [info] [main.cpp:63] [QT] "  REG[100] = 0X41D0" (:0)
[2026-05-20 18:34:35.120] [info] [main.cpp:63] [QT] "  REG[101] = 0X3331" (:0)
[2026-05-20 18:34:35.120] [info] [main.cpp:63] [QT] "  REG[102] = 0X423D" (:0)
[2026-05-20 18:34:35.120] [info] [main.cpp:63] [QT] "  REG[103] = 0XC003" (:0)
[2026-05-20 18:34:35.120] [info] [main.cpp:63] [QT] "  REG[104] = 0X42BB" (:0)
[2026-05-20 18:34:35.120] [info] [main.cpp:63] [QT] "  REG[105] = 0X2E98" (:0)
[2026-05-20 18:34:35.120] [info] [main.cpp:63] [QT] "  REG[106] = 0X415F" (:0)
[2026-05-20 18:34:35.120] [info] [main.cpp:63] [QT] "  REG[107] = 0XBC9C" (:0)
[2026-05-20 18:34:35.120] [info] [main.cpp:63] [QT] "  REG[108] = 0X441F" (:0)
[2026-05-20 18:34:35.120] [info] [main.cpp:63] [QT] "  REG[109] = 0XE0BA" (:0)
[2026-05-20 18:34:35.120] [info] [main.cpp:63] [QT] "  REG[110] = 0X4490" (:0)
[2026-05-20 18:34:35.120] [info] [main.cpp:63] [QT] "  REG[111] = 0X8AFF" (:0)
[2026-05-20 18:34:35.120] [info] [main.cpp:63] [QT] "  REG[112] = 0X3DEC" (:0)
[2026-05-20 18:34:35.120] [info] [main.cpp:63] [QT] "  REG[113] = 0XD1B5" (:0)
[2026-05-20 18:34:35.120] [info] [main.cpp:63] [QT] 解析结果： (:0)
[2026-05-20 18:34:35.120] [info] [main.cpp:63] [QT] "  温度: 26.02 °C" (:0)
[2026-05-20 18:34:35.120] [info] [main.cpp:63] [QT] "    原始: REG[100]=0X41D0, REG[101]=0X3331" (:0)
[2026-05-20 18:34:35.120] [info] [main.cpp:63] [QT] "  湿度: 47.44 %RH" (:0)
[2026-05-20 18:34:35.120] [info] [main.cpp:63] [QT] "    原始: REG[102]=0X423D, REG[103]=0XC003" (:0)
[2026-05-20 18:34:35.120] [info] [main.cpp:63] [QT] "  大气压: 93.59 kPa" (:0)
[2026-05-20 18:34:35.120] [info] [main.cpp:63] [QT] "    原始: REG[104]=0X42BB, REG[105]=0X2E98" (:0)
[2026-05-20 18:34:35.120] [info] [main.cpp:63] [QT] "  露点温度: 13.98 °C" (:0)
[2026-05-20 18:34:35.120] [info] [main.cpp:63] [QT] "    原始: REG[106]=0X415F, REG[107]=0XBC9C" (:0)
[2026-05-20 18:34:35.120] [info] [main.cpp:63] [QT] "  海拔: 639.51 m" (:0)
[2026-05-20 18:34:35.120] [info] [main.cpp:63] [QT] "    原始: REG[108]=0X441F, REG[109]=0XE0BA" (:0)
[2026-05-20 18:34:35.120] [info] [main.cpp:63] [QT] "  含水量: 1156.34 mg/m³" (:0)
[2026-05-20 18:34:35.120] [info] [main.cpp:63] [QT] "    原始: REG[110]=0X4490, REG[111]=0X8AFF" (:0)
[2026-05-20 18:34:35.120] [info] [main.cpp:63] [QT] "  含水量百分比: 11.56 %" (:0)
[2026-05-20 18:34:35.120] [info] [main.cpp:63] [QT] "    原始: REG[112]=0X3DEC, REG[113]=0XD1B5" (:0)
[2026-05-20 18:34:35.120] [info] [main.cpp:63] [QT] ================== (:0)
[2026-05-20 18:34:35.120] [info] [main.cpp:63] [QT] 数据已添加到缓冲区（每30次保存一次） (:0)
[2026-05-20 18:34:35.516] [info] [main.cpp:63] [QT] 发送风速读取命令： (:0)
[2026-05-20 18:34:35.516] [info] [main.cpp:63] [QT]   设备地址: 2 (:0)
[2026-05-20 18:34:35.516] [info] [main.cpp:63] [QT]   指令: 0x02 0x03 0x00 0x00 0x00 0x01 (:0)
[2026-05-20 18:34:35.598] [info] [main.cpp:63] [QT] === 解析风速数据 === (:0)
[2026-05-20 18:34:35.598] [info] [main.cpp:63] [QT] 原始数据(十六进制): "02 00 00" (:0)
[2026-05-20 18:34:35.598] [info] [main.cpp:63] [QT] 数据长度: 3 字节 (:0)
[2026-05-20 18:34:35.598] [info] [main.cpp:63] [QT] 风速数据解析: (:0)
[2026-05-20 18:34:35.598] [info] [main.cpp:63] [QT]   字节数: 0x "02" (:0)
[2026-05-20 18:34:35.598] [info] [main.cpp:63] [QT]   原始值: 0x "0000" (:0)
[2026-05-20 18:34:35.598] [info] [main.cpp:63] [QT]   十进制: 0 (:0)
[2026-05-20 18:34:35.598] [info] [main.cpp:63] [QT]   风速:  "0.0" m/s (:0)
[2026-05-20 18:34:35.598] [info] [main.cpp:63] [QT] ================== (:0)
[2026-05-20 18:34:35.598] [info] [main.cpp:63] [QT] ====================================== (:0)
[2026-05-20 18:34:35.598] [info] [main.cpp:63] [QT] 风速数据接收: (:0)
[2026-05-20 18:34:35.598] [info] [main.cpp:63] [QT]   风速: "0.0" m/s (:0)
[2026-05-20 18:34:35.598] [info] [main.cpp:63] [QT] 风速数据已添加到缓冲区 (:0)
[2026-05-20 18:34:36.017] [info] [main.cpp:63] [QT] 发送风向读取命令： (:0)
[2026-05-20 18:34:36.017] [info] [main.cpp:63] [QT]   设备地址: 3 (:0)
[2026-05-20 18:34:36.017] [info] [main.cpp:63] [QT]   指令: 0x03 0x03 0x00 0x00 0x00 0x02 (:0)
[2026-05-20 18:34:36.098] [info] [main.cpp:63] [QT] === 解析风向数据 === (:0)
[2026-05-20 18:34:36.098] [info] [main.cpp:63] [QT] 原始数据(十六进制): "04 00 06 01 0E" (:0)
[2026-05-20 18:34:36.098] [info] [main.cpp:63] [QT] 数据长度: 5 字节 (:0)
[2026-05-20 18:34:36.098] [info] [main.cpp:63] [QT] 风向数据解析: (:0)
[2026-05-20 18:34:36.098] [info] [main.cpp:63] [QT]   字节数: 0x "04" (:0)
[2026-05-20 18:34:36.098] [info] [main.cpp:63] [QT]   方位编码: 0x "0006" (:0)
[2026-05-20 18:34:36.098] [info] [main.cpp:63] [QT]   方位十进制: 6 (:0)
[2026-05-20 18:34:36.098] [info] [main.cpp:63] [QT]   风向描述: "西风" (:0)
[2026-05-20 18:34:36.098] [info] [main.cpp:63] [QT]   方位角度: 270 度 (:0)
[2026-05-20 18:34:36.098] [info] [main.cpp:63] [QT]   整数角度原始值: 0x "010E" (:0)
[2026-05-20 18:34:36.099] [info] [main.cpp:63] [QT]   整数角度十进制: 270 (:0)
[2026-05-20 18:34:36.099] [info] [main.cpp:63] [QT]   整数角度值: 270 度 (:0)
[2026-05-20 18:34:36.099] [info] [main.cpp:63] [QT] ================== (:0)
[2026-05-20 18:34:36.099] [info] [main.cpp:63] [QT] ====================================== (:0)
[2026-05-20 18:34:36.099] [info] [main.cpp:63] [QT] 风向数据接收: (:0)
[2026-05-20 18:34:36.099] [info] [main.cpp:63] [QT]   方位编码: 6 (:0)
[2026-05-20 18:34:36.099] [info] [main.cpp:63] [QT]   风向角度: 270 度 (:0)
[2026-05-20 18:34:36.099] [info] [main.cpp:63] [QT]   风向描述: "西风" (:0)
[2026-05-20 18:34:36.099] [info] [main.cpp:63] [QT] 风向数据已添加到缓冲区 (:0)
[2026-05-20 18:34:36.099] [info] [main.cpp:63] [QT] "风向: 西风 (270度) [编码: 0X0006]" (:0)
[2026-05-20 18:34:36.515] [info] [main.cpp:63] [QT] 发送温湿度读取命令： (:0)
[2026-05-20 18:34:36.515] [info] [main.cpp:63] [QT]   设备地址: 1 (:0)
[2026-05-20 18:34:36.515] [info] [main.cpp:63] [QT]   起始寄存器: "0X0064" (:0)
[2026-05-20 18:34:36.515] [info] [main.cpp:63] [QT]   寄存器数量: 14 (:0)
[2026-05-20 18:34:36.515] [info] [main.cpp:63] [QT] 已设置超时时间: 5秒 (:0)
[2026-05-20 18:34:36.621] [info] [main.cpp:63] [QT] 收到传感器数据，开始解析... (:0)
[2026-05-20 18:34:36.621] [info] [main.cpp:63] [QT] === 温湿度传感器数据 === (:0)
[2026-05-20 18:34:36.621] [info] [main.cpp:63] [QT] 寄存器原始值（十六进制）： (:0)
[2026-05-20 18:34:36.621] [info] [main.cpp:63] [QT] "  REG[100] = 0X41D0" (:0)
[2026-05-20 18:34:36.621] [info] [main.cpp:63] [QT] "  REG[101] = 0X3331" (:0)
[2026-05-20 18:34:36.621] [info] [main.cpp:63] [QT] "  REG[102] = 0X423D" (:0)
[2026-05-20 18:34:36.621] [info] [main.cpp:63] [QT] "  REG[103] = 0X4EF0" (:0)
[2026-05-20 18:34:36.621] [info] [main.cpp:63] [QT] "  REG[104] = 0X42BB" (:0)
[2026-05-20 18:34:36.621] [info] [main.cpp:63] [QT] "  REG[105] = 0X2E15" (:0)
[2026-05-20 18:34:36.621] [info] [main.cpp:63] [QT] "  REG[106] = 0X415F" (:0)
[2026-05-20 18:34:36.621] [info] [main.cpp:63] [QT] "  REG[107] = 0X298D" (:0)
[2026-05-20 18:34:36.621] [info] [main.cpp:63] [QT] "  REG[108] = 0X441F" (:0)
[2026-05-20 18:34:36.621] [info] [main.cpp:63] [QT] "  REG[109] = 0XE646" (:0)
[2026-05-20 18:34:36.621] [info] [main.cpp:63] [QT] "  REG[110] = 0X4490" (:0)
[2026-05-20 18:34:36.621] [info] [main.cpp:63] [QT] "  REG[111] = 0X34DC" (:0)
[2026-05-20 18:34:36.621] [info] [main.cpp:63] [QT] "  REG[112] = 0X3DEC" (:0)
[2026-05-20 18:34:36.621] [info] [main.cpp:63] [QT] "  REG[113] = 0X4495" (:0)
[2026-05-20 18:34:36.621] [info] [main.cpp:63] [QT] 解析结果： (:0)
[2026-05-20 18:34:36.621] [info] [main.cpp:63] [QT] "  温度: 26.02 °C" (:0)
[2026-05-20 18:34:36.621] [info] [main.cpp:63] [QT] "    原始: REG[100]=0X41D0, REG[101]=0X3331" (:0)
[2026-05-20 18:34:36.621] [info] [main.cpp:63] [QT] "  湿度: 47.33 %RH" (:0)
[2026-05-20 18:34:36.621] [info] [main.cpp:63] [QT] "    原始: REG[102]=0X423D, REG[103]=0X4EF0" (:0)
[2026-05-20 18:34:36.621] [info] [main.cpp:63] [QT] "  大气压: 93.59 kPa" (:0)
[2026-05-20 18:34:36.621] [info] [main.cpp:63] [QT] "    原始: REG[104]=0X42BB, REG[105]=0X2E15" (:0)
[2026-05-20 18:34:36.621] [info] [main.cpp:63] [QT] "  露点温度: 13.95 °C" (:0)
[2026-05-20 18:34:36.621] [info] [main.cpp:63] [QT] "    原始: REG[106]=0X415F, REG[107]=0X298D" (:0)
[2026-05-20 18:34:36.621] [info] [main.cpp:63] [QT] "  海拔: 639.60 m" (:0)
[2026-05-20 18:34:36.621] [info] [main.cpp:63] [QT] "    原始: REG[108]=0X441F, REG[109]=0XE646" (:0)
[2026-05-20 18:34:36.621] [info] [main.cpp:63] [QT] "  含水量: 1153.65 mg/m³" (:0)
[2026-05-20 18:34:36.621] [info] [main.cpp:63] [QT] "    原始: REG[110]=0X4490, REG[111]=0X34DC" (:0)
[2026-05-20 18:34:36.621] [info] [main.cpp:63] [QT] "  含水量百分比: 11.54 %" (:0)
[2026-05-20 18:34:36.621] [info] [main.cpp:63] [QT] "    原始: REG[112]=0X3DEC, REG[113]=0X4495" (:0)
[2026-05-20 18:34:36.621] [info] [main.cpp:63] [QT] ================== (:0)
[2026-05-20 18:34:36.621] [info] [main.cpp:63] [QT] 数据已添加到缓冲区（每30次保存一次） (:0)
[2026-05-20 18:34:37.017] [info] [main.cpp:63] [QT] 发送风速读取命令： (:0)
[2026-05-20 18:34:37.017] [info] [main.cpp:63] [QT]   设备地址: 2 (:0)
[2026-05-20 18:34:37.018] [info] [main.cpp:63] [QT]   指令: 0x02 0x03 0x00 0x00 0x00 0x01 (:0)
[2026-05-20 18:34:37.096] [info] [main.cpp:63] [QT] === 解析风速数据 === (:0)
[2026-05-20 18:34:37.096] [info] [main.cpp:63] [QT] 原始数据(十六进制): "02 00 00" (:0)
[2026-05-20 18:34:37.096] [info] [main.cpp:63] [QT] 数据长度: 3 字节 (:0)
[2026-05-20 18:34:37.096] [info] [main.cpp:63] [QT] 风速数据解析: (:0)
[2026-05-20 18:34:37.096] [info] [main.cpp:63] [QT]   字节数: 0x "02" (:0)
[2026-05-20 18:34:37.096] [info] [main.cpp:63] [QT]   原始值: 0x "0000" (:0)
[2026-05-20 18:34:37.096] [info] [main.cpp:63] [QT]   十进制: 0 (:0)
[2026-05-20 18:34:37.096] [info] [main.cpp:63] [QT]   风速:  "0.0" m/s (:0)
[2026-05-20 18:34:37.096] [info] [main.cpp:63] [QT] ================== (:0)
[2026-05-20 18:34:37.096] [info] [main.cpp:63] [QT] ====================================== (:0)
[2026-05-20 18:34:37.096] [info] [main.cpp:63] [QT] 风速数据接收: (:0)
[2026-05-20 18:34:37.096] [info] [main.cpp:63] [QT]   风速: "0.0" m/s (:0)
[2026-05-20 18:34:37.096] [info] [main.cpp:63] [QT] 风速数据已添加到缓冲区 (:0)
[2026-05-20 18:34:37.514] [info] [main.cpp:63] [QT] 发送风向读取命令： (:0)
[2026-05-20 18:34:37.514] [info] [main.cpp:63] [QT]   设备地址: 3 (:0)
[2026-05-20 18:34:37.514] [info] [main.cpp:63] [QT]   指令: 0x03 0x03 0x00 0x00 0x00 0x02 (:0)
[2026-05-20 18:34:37.599] [info] [main.cpp:63] [QT] === 解析风向数据 === (:0)
[2026-05-20 18:34:37.599] [info] [main.cpp:63] [QT] 原始数据(十六进制): "04 00 06 01 0E" (:0)
[2026-05-20 18:34:37.599] [info] [main.cpp:63] [QT] 数据长度: 5 字节 (:0)
[2026-05-20 18:34:37.599] [info] [main.cpp:63] [QT] 风向数据解析: (:0)
[2026-05-20 18:34:37.599] [info] [main.cpp:63] [QT]   字节数: 0x "04" (:0)
[2026-05-20 18:34:37.599] [info] [main.cpp:63] [QT]   方位编码: 0x "0006" (:0)
[2026-05-20 18:34:37.599] [info] [main.cpp:63] [QT]   方位十进制: 6 (:0)
[2026-05-20 18:34:37.599] [info] [main.cpp:63] [QT]   风向描述: "西风" (:0)
[2026-05-20 18:34:37.599] [info] [main.cpp:63] [QT]   方位角度: 270 度 (:0)
[2026-05-20 18:34:37.599] [info] [main.cpp:63] [QT]   整数角度原始值: 0x "010E" (:0)
[2026-05-20 18:34:37.599] [info] [main.cpp:63] [QT]   整数角度十进制: 270 (:0)
[2026-05-20 18:34:37.599] [info] [main.cpp:63] [QT]   整数角度值: 270 度 (:0)
[2026-05-20 18:34:37.599] [info] [main.cpp:63] [QT] ================== (:0)
[2026-05-20 18:34:37.599] [info] [main.cpp:63] [QT] ====================================== (:0)
[2026-05-20 18:34:37.599] [info] [main.cpp:63] [QT] 风向数据接收: (:0)
[2026-05-20 18:34:37.599] [info] [main.cpp:63] [QT]   方位编码: 6 (:0)
[2026-05-20 18:34:37.599] [info] [main.cpp:63] [QT]   风向角度: 270 度 (:0)
[2026-05-20 18:34:37.599] [info] [main.cpp:63] [QT]   风向描述: "西风" (:0)
[2026-05-20 18:34:37.599] [info] [main.cpp:63] [QT] 风向数据已添加到缓冲区 (:0)
[2026-05-20 18:34:37.599] [info] [main.cpp:63] [QT] "风向: 西风 (270度) [编码: 0X0006]" (:0)
[2026-05-20 18:34:38.020] [info] [main.cpp:63] [QT] 发送温湿度读取命令： (:0)
[2026-05-20 18:34:38.020] [info] [main.cpp:63] [QT]   设备地址: 1 (:0)
[2026-05-20 18:34:38.020] [info] [main.cpp:63] [QT]   起始寄存器: "0X0064" (:0)
[2026-05-20 18:34:38.020] [info] [main.cpp:63] [QT]   寄存器数量: 14 (:0)
[2026-05-20 18:34:38.020] [info] [main.cpp:63] [QT] 已设置超时时间: 5秒 (:0)
[2026-05-20 18:34:38.122] [info] [main.cpp:63] [QT] 收到传感器数据，开始解析... (:0)
[2026-05-20 18:34:38.122] [info] [main.cpp:63] [QT] === 温湿度传感器数据 === (:0)
[2026-05-20 18:34:38.122] [info] [main.cpp:63] [QT] 寄存器原始值（十六进制）： (:0)
[2026-05-20 18:34:38.122] [info] [main.cpp:63] [QT] "  REG[100] = 0X41D0" (:0)
[2026-05-20 18:34:38.122] [info] [main.cpp:63] [QT] "  REG[101] = 0X3331" (:0)
[2026-05-20 18:34:38.122] [info] [main.cpp:63] [QT] "  REG[102] = 0X423C" (:0)
[2026-05-20 18:34:38.122] [info] [main.cpp:63] [QT] "  REG[103] = 0XE887" (:0)
[2026-05-20 18:34:38.122] [info] [main.cpp:63] [QT] "  REG[104] = 0X42BB" (:0)
[2026-05-20 18:34:38.122] [info] [main.cpp:63] [QT] "  REG[105] = 0X2E15" (:0)
[2026-05-20 18:34:38.122] [info] [main.cpp:63] [QT] "  REG[106] = 0X415E" (:0)
[2026-05-20 18:34:38.122] [info] [main.cpp:63] [QT] "  REG[107] = 0XA419" (:0)
[2026-05-20 18:34:38.122] [info] [main.cpp:63] [QT] "  REG[108] = 0X441F" (:0)
[2026-05-20 18:34:38.122] [info] [main.cpp:63] [QT] "  REG[109] = 0XE646" (:0)
[2026-05-20 18:34:38.122] [info] [main.cpp:63] [QT] "  REG[110] = 0X448F" (:0)
[2026-05-20 18:34:38.122] [info] [main.cpp:63] [QT] "  REG[111] = 0XE6D9" (:0)
[2026-05-20 18:34:38.122] [info] [main.cpp:63] [QT] "  REG[112] = 0X3DEB" (:0)
[2026-05-20 18:34:38.122] [info] [main.cpp:63] [QT] "  REG[113] = 0XC4C5" (:0)
[2026-05-20 18:34:38.122] [info] [main.cpp:63] [QT] 解析结果： (:0)
[2026-05-20 18:34:38.122] [info] [main.cpp:63] [QT] "  温度: 26.02 °C" (:0)
[2026-05-20 18:34:38.122] [info] [main.cpp:63] [QT] "    原始: REG[100]=0X41D0, REG[101]=0X3331" (:0)
[2026-05-20 18:34:38.122] [info] [main.cpp:63] [QT] "  湿度: 47.23 %RH" (:0)
[2026-05-20 18:34:38.122] [info] [main.cpp:63] [QT] "    原始: REG[102]=0X423C, REG[103]=0XE887" (:0)
[2026-05-20 18:34:38.122] [info] [main.cpp:63] [QT] "  大气压: 93.59 kPa" (:0)
[2026-05-20 18:34:38.122] [info] [main.cpp:63] [QT] "    原始: REG[104]=0X42BB, REG[105]=0X2E15" (:0)
[2026-05-20 18:34:38.122] [info] [main.cpp:63] [QT] "  露点温度: 13.92 °C" (:0)
[2026-05-20 18:34:38.122] [info] [main.cpp:63] [QT] "    原始: REG[106]=0X415E, REG[107]=0XA419" (:0)
[2026-05-20 18:34:38.122] [info] [main.cpp:63] [QT] "  海拔: 639.60 m" (:0)
[2026-05-20 18:34:38.122] [info] [main.cpp:63] [QT] "    原始: REG[108]=0X441F, REG[109]=0XE646" (:0)
[2026-05-20 18:34:38.122] [info] [main.cpp:63] [QT] "  含水量: 1151.21 mg/m³" (:0)
[2026-05-20 18:34:38.122] [info] [main.cpp:63] [QT] "    原始: REG[110]=0X448F, REG[111]=0XE6D9" (:0)
[2026-05-20 18:34:38.122] [info] [main.cpp:63] [QT] "  含水量百分比: 11.51 %" (:0)
[2026-05-20 18:34:38.122] [info] [main.cpp:63] [QT] "    原始: REG[112]=0X3DEB, REG[113]=0XC4C5" (:0)
[2026-05-20 18:34:38.122] [info] [main.cpp:63] [QT] ================== (:0)
[2026-05-20 18:34:38.122] [info] [main.cpp:63] [QT] 数据已添加到缓冲区（每30次保存一次） (:0)
[2026-05-20 18:34:38.514] [info] [main.cpp:63] [QT] 发送风速读取命令： (:0)
[2026-05-20 18:34:38.515] [info] [main.cpp:63] [QT]   设备地址: 2 (:0)
[2026-05-20 18:34:38.515] [info] [main.cpp:63] [QT]   指令: 0x02 0x03 0x00 0x00 0x00 0x01 (:0)
[2026-05-20 18:34:38.596] [info] [main.cpp:63] [QT] === 解析风速数据 === (:0)
[2026-05-20 18:34:38.596] [info] [main.cpp:63] [QT] 原始数据(十六进制): "02 00 00" (:0)
[2026-05-20 18:34:38.596] [info] [main.cpp:63] [QT] 数据长度: 3 字节 (:0)
[2026-05-20 18:34:38.596] [info] [main.cpp:63] [QT] 风速数据解析: (:0)
[2026-05-20 18:34:38.596] [info] [main.cpp:63] [QT]   字节数: 0x "02" (:0)
[2026-05-20 18:34:38.596] [info] [main.cpp:63] [QT]   原始值: 0x "0000" (:0)
[2026-05-20 18:34:38.596] [info] [main.cpp:63] [QT]   十进制: 0 (:0)
[2026-05-20 18:34:38.596] [info] [main.cpp:63] [QT]   风速:  "0.0" m/s (:0)
[2026-05-20 18:34:38.596] [info] [main.cpp:63] [QT] ================== (:0)
[2026-05-20 18:34:38.596] [info] [main.cpp:63] [QT] ====================================== (:0)
[2026-05-20 18:34:38.596] [info] [main.cpp:63] [QT] 风速数据接收: (:0)
[2026-05-20 18:34:38.596] [info] [main.cpp:63] [QT]   风速: "0.0" m/s (:0)
[2026-05-20 18:34:38.596] [info] [main.cpp:63] [QT] 风速数据已添加到缓冲区 (:0)
[2026-05-20 18:34:39.021] [info] [main.cpp:63] [QT] 发送风向读取命令： (:0)
[2026-05-20 18:34:39.021] [info] [main.cpp:63] [QT]   设备地址: 3 (:0)
[2026-05-20 18:34:39.021] [info] [main.cpp:63] [QT]   指令: 0x03 0x03 0x00 0x00 0x00 0x02 (:0)
[2026-05-20 18:34:39.102] [info] [main.cpp:63] [QT] === 解析风向数据 === (:0)
[2026-05-20 18:34:39.102] [info] [main.cpp:63] [QT] 原始数据(十六进制): "04 00 06 01 0E" (:0)
[2026-05-20 18:34:39.102] [info] [main.cpp:63] [QT] 数据长度: 5 字节 (:0)
[2026-05-20 18:34:39.102] [info] [main.cpp:63] [QT] 风向数据解析: (:0)
[2026-05-20 18:34:39.102] [info] [main.cpp:63] [QT]   字节数: 0x "04" (:0)
[2026-05-20 18:34:39.102] [info] [main.cpp:63] [QT]   方位编码: 0x "0006" (:0)
[2026-05-20 18:34:39.102] [info] [main.cpp:63] [QT]   方位十进制: 6 (:0)
[2026-05-20 18:34:39.102] [info] [main.cpp:63] [QT]   风向描述: "西风" (:0)
[2026-05-20 18:34:39.102] [info] [main.cpp:63] [QT]   方位角度: 270 度 (:0)
[2026-05-20 18:34:39.102] [info] [main.cpp:63] [QT]   整数角度原始值: 0x "010E" (:0)
[2026-05-20 18:34:39.102] [info] [main.cpp:63] [QT]   整数角度十进制: 270 (:0)
[2026-05-20 18:34:39.102] [info] [main.cpp:63] [QT]   整数角度值: 270 度 (:0)
[2026-05-20 18:34:39.102] [info] [main.cpp:63] [QT] ================== (:0)
[2026-05-20 18:34:39.102] [info] [main.cpp:63] [QT] ====================================== (:0)
[2026-05-20 18:34:39.102] [info] [main.cpp:63] [QT] 风向数据接收: (:0)
[2026-05-20 18:34:39.102] [info] [main.cpp:63] [QT]   方位编码: 6 (:0)
[2026-05-20 18:34:39.102] [info] [main.cpp:63] [QT]   风向角度: 270 度 (:0)
[2026-05-20 18:34:39.102] [info] [main.cpp:63] [QT]   风向描述: "西风" (:0)
[2026-05-20 18:34:39.102] [info] [main.cpp:63] [QT] 风向数据已添加到缓冲区 (:0)
[2026-05-20 18:34:39.102] [info] [main.cpp:63] [QT] "风向: 西风 (270度) [编码: 0X0006]" (:0)
[2026-05-20 18:34:39.516] [info] [main.cpp:63] [QT] 发送温湿度读取命令： (:0)
[2026-05-20 18:34:39.516] [info] [main.cpp:63] [QT]   设备地址: 1 (:0)
[2026-05-20 18:34:39.516] [info] [main.cpp:63] [QT]   起始寄存器: "0X0064" (:0)
[2026-05-20 18:34:39.516] [info] [main.cpp:63] [QT]   寄存器数量: 14 (:0)
[2026-05-20 18:34:39.516] [info] [main.cpp:63] [QT] 已设置超时时间: 5秒 (:0)
[2026-05-20 18:34:39.620] [info] [main.cpp:63] [QT] 收到传感器数据，开始解析... (:0)
[2026-05-20 18:34:39.620] [info] [main.cpp:63] [QT] === 温湿度传感器数据 === (:0)
[2026-05-20 18:34:39.620] [info] [main.cpp:63] [QT] 寄存器原始值（十六进制）： (:0)
[2026-05-20 18:34:39.620] [info] [main.cpp:63] [QT] "  REG[100] = 0X41D0" (:0)
[2026-05-20 18:34:39.620] [info] [main.cpp:63] [QT] "  REG[101] = 0X2EED" (:0)
[2026-05-20 18:34:39.620] [info] [main.cpp:63] [QT] "  REG[102] = 0X423C" (:0)
[2026-05-20 18:34:39.620] [info] [main.cpp:63] [QT] "  REG[103] = 0X7DDB" (:0)
[2026-05-20 18:34:39.620] [info] [main.cpp:63] [QT] "  REG[104] = 0X42BB" (:0)
[2026-05-20 18:34:39.620] [info] [main.cpp:63] [QT] "  REG[105] = 0X2D92" (:0)
[2026-05-20 18:34:39.620] [info] [main.cpp:63] [QT] "  REG[106] = 0X415E" (:0)
[2026-05-20 18:34:39.620] [info] [main.cpp:63] [QT] "  REG[107] = 0X1111" (:0)
[2026-05-20 18:34:39.620] [info] [main.cpp:63] [QT] "  REG[108] = 0X441F" (:0)
[2026-05-20 18:34:39.620] [info] [main.cpp:63] [QT] "  REG[109] = 0XEBD2" (:0)
[2026-05-20 18:34:39.620] [info] [main.cpp:63] [QT] "  REG[110] = 0X448F" (:0)
[2026-05-20 18:34:39.620] [info] [main.cpp:63] [QT] "  REG[111] = 0X9147" (:0)
[2026-05-20 18:34:39.620] [info] [main.cpp:63] [QT] "  REG[112] = 0X3DEB" (:0)
[2026-05-20 18:34:39.620] [info] [main.cpp:63] [QT] "  REG[113] = 0X3892" (:0)
[2026-05-20 18:34:39.620] [info] [main.cpp:63] [QT] 解析结果： (:0)
[2026-05-20 18:34:39.620] [info] [main.cpp:63] [QT] "  温度: 26.02 °C" (:0)
[2026-05-20 18:34:39.620] [info] [main.cpp:63] [QT] "    原始: REG[100]=0X41D0, REG[101]=0X2EED" (:0)
[2026-05-20 18:34:39.620] [info] [main.cpp:63] [QT] "  湿度: 47.12 %RH" (:0)
[2026-05-20 18:34:39.620] [info] [main.cpp:63] [QT] "    原始: REG[102]=0X423C, REG[103]=0X7DDB" (:0)
[2026-05-20 18:34:39.620] [info] [main.cpp:63] [QT] "  大气压: 93.59 kPa" (:0)
[2026-05-20 18:34:39.620] [info] [main.cpp:63] [QT] "    原始: REG[104]=0X42BB, REG[105]=0X2D92" (:0)
[2026-05-20 18:34:39.620] [info] [main.cpp:63] [QT] "  露点温度: 13.88 °C" (:0)
[2026-05-20 18:34:39.620] [info] [main.cpp:63] [QT] "    原始: REG[106]=0X415E, REG[107]=0X1111" (:0)
[2026-05-20 18:34:39.620] [info] [main.cpp:63] [QT] "  海拔: 639.68 m" (:0)
[2026-05-20 18:34:39.620] [info] [main.cpp:63] [QT] "    原始: REG[108]=0X441F, REG[109]=0XEBD2" (:0)
[2026-05-20 18:34:39.620] [info] [main.cpp:63] [QT] "  含水量: 1148.54 mg/m³" (:0)
[2026-05-20 18:34:39.620] [info] [main.cpp:63] [QT] "    原始: REG[110]=0X448F, REG[111]=0X9147" (:0)
[2026-05-20 18:34:39.620] [info] [main.cpp:63] [QT] "  含水量百分比: 11.49 %" (:0)
[2026-05-20 18:34:39.620] [info] [main.cpp:63] [QT] "    原始: REG[112]=0X3DEB, REG[113]=0X3892" (:0)
[2026-05-20 18:34:39.620] [info] [main.cpp:63] [QT] ================== (:0)
[2026-05-20 18:34:39.620] [info] [main.cpp:63] [QT] 数据已添加到缓冲区（每30次保存一次） (:0)
[2026-05-20 18:34:40.019] [info] [main.cpp:63] [QT] 发送风速读取命令： (:0)
[2026-05-20 18:34:40.019] [info] [main.cpp:63] [QT]   设备地址: 2 (:0)
[2026-05-20 18:34:40.019] [info] [main.cpp:63] [QT]   指令: 0x02 0x03 0x00 0x00 0x00 0x01 (:0)
[2026-05-20 18:34:40.105] [info] [main.cpp:63] [QT] === 解析风速数据 === (:0)
[2026-05-20 18:34:40.105] [info] [main.cpp:63] [QT] 原始数据(十六进制): "02 00 00" (:0)
[2026-05-20 18:34:40.105] [info] [main.cpp:63] [QT] 数据长度: 3 字节 (:0)
[2026-05-20 18:34:40.105] [info] [main.cpp:63] [QT] 风速数据解析: (:0)
[2026-05-20 18:34:40.105] [info] [main.cpp:63] [QT]   字节数: 0x "02" (:0)
[2026-05-20 18:34:40.105] [info] [main.cpp:63] [QT]   原始值: 0x "0000" (:0)
[2026-05-20 18:34:40.105] [info] [main.cpp:63] [QT]   十进制: 0 (:0)
[2026-05-20 18:34:40.105] [info] [main.cpp:63] [QT]   风速:  "0.0" m/s (:0)
[2026-05-20 18:34:40.105] [info] [main.cpp:63] [QT] ================== (:0)
[2026-05-20 18:34:40.105] [info] [main.cpp:63] [QT] ====================================== (:0)
[2026-05-20 18:34:40.105] [info] [main.cpp:63] [QT] 风速数据接收: (:0)
[2026-05-20 18:34:40.105] [info] [main.cpp:63] [QT]   风速: "0.0" m/s (:0)
[2026-05-20 18:34:40.105] [info] [main.cpp:63] [QT] 风速数据已添加到缓冲区 (:0)
[2026-05-20 18:34:40.518] [info] [main.cpp:63] [QT] 发送风向读取命令： (:0)
[2026-05-20 18:34:40.518] [info] [main.cpp:63] [QT]   设备地址: 3 (:0)
[2026-05-20 18:34:40.518] [info] [main.cpp:63] [QT]   指令: 0x03 0x03 0x00 0x00 0x00 0x02 (:0)
[2026-05-20 18:34:40.578] [info] [main.cpp:63] [QT] ====================================== (:0)
[2026-05-20 18:34:40.578] [info] [main.cpp:63] [QT] 数据缓冲区已满（60次数据），开始保存到数据库 (:0)
[2026-05-20 18:34:40.578] [info] [main.cpp:63] [QT] 时间戳: "2026-05-20 18:34:40" (:0)
[2026-05-20 18:34:40.578] [info] [main.cpp:63] [QT] 温度: 26.0245 °C (:0)
[2026-05-20 18:34:40.578] [info] [main.cpp:63] [QT] 湿度: 47.2786 %RH (:0)
[2026-05-20 18:34:40.578] [info] [main.cpp:63] [QT] 大气压: 93.59 kPa (:0)
[2026-05-20 18:34:40.578] [info] [main.cpp:63] [QT] 露点温度: 13.9314 °C (:0)
[2026-05-20 18:34:40.578] [info] [main.cpp:63] [QT] 海拔: 639.598 m (:0)
[2026-05-20 18:34:40.578] [info] [main.cpp:63] [QT] 含水量: 1152.44 g/m³ (:0)
[2026-05-20 18:34:40.578] [info] [main.cpp:63] [QT] 含水量百分比: 11.5244 % (:0)
[2026-05-20 18:34:40.578] [info] [main.cpp:63] [QT] 风速: 0 m/s (:0)
[2026-05-20 18:34:40.578] [info] [main.cpp:63] [QT] 风向角度: 271 度 (:0)
[2026-05-20 18:34:40.578] [info] [main.cpp:63] [QT] 风向描述: "西风" (:0)
[2026-05-20 18:34:40.585] [info] [main.cpp:63] [QT] 平均数据已成功保存到数据库 (:0)
[2026-05-20 18:34:40.586] [info] [main.cpp:63] [QT] 更新树控件数据条数: "2026-05-20" -> 2 条 (:0)
[2026-05-20 18:34:40.592] [info] [main.cpp:63] [QT] updateChart: 数据天数 = 4 (:0)
[2026-05-20 18:34:40.592] [info] [main.cpp:63] [QT] min系列点数 = 3 max系列点数 = 3 (:0)
[2026-05-20 18:34:40.615] [info] [main.cpp:63] [QT] === 解析风向数据 === (:0)
[2026-05-20 18:34:40.615] [info] [main.cpp:63] [QT] 原始数据(十六进制): "04 00 06 01 0E" (:0)
[2026-05-20 18:34:40.615] [info] [main.cpp:63] [QT] 数据长度: 5 字节 (:0)
[2026-05-20 18:34:40.615] [info] [main.cpp:63] [QT] 风向数据解析: (:0)
[2026-05-20 18:34:40.615] [info] [main.cpp:63] [QT]   字节数: 0x "04" (:0)
[2026-05-20 18:34:40.615] [info] [main.cpp:63] [QT]   方位编码: 0x "0006" (:0)
[2026-05-20 18:34:40.615] [info] [main.cpp:63] [QT]   方位十进制: 6 (:0)
[2026-05-20 18:34:40.615] [info] [main.cpp:63] [QT]   风向描述: "西风" (:0)
[2026-05-20 18:34:40.615] [info] [main.cpp:63] [QT]   方位角度: 270 度 (:0)
[2026-05-20 18:34:40.615] [info] [main.cpp:63] [QT]   整数角度原始值: 0x "010E" (:0)
[2026-05-20 18:34:40.615] [info] [main.cpp:63] [QT]   整数角度十进制: 270 (:0)
[2026-05-20 18:34:40.615] [info] [main.cpp:63] [QT]   整数角度值: 270 度 (:0)
[2026-05-20 18:34:40.615] [info] [main.cpp:63] [QT] ================== (:0)
[2026-05-20 18:34:40.615] [info] [main.cpp:63] [QT] ====================================== (:0)
[2026-05-20 18:34:40.615] [info] [main.cpp:63] [QT] 风向数据接收: (:0)
[2026-05-20 18:34:40.615] [info] [main.cpp:63] [QT]   方位编码: 6 (:0)
[2026-05-20 18:34:40.615] [info] [main.cpp:63] [QT]   风向角度: 270 度 (:0)
[2026-05-20 18:34:40.615] [info] [main.cpp:63] [QT]   风向描述: "西风" (:0)
[2026-05-20 18:34:40.615] [info] [main.cpp:63] [QT] 风向数据已添加到缓冲区 (:0)
[2026-05-20 18:34:40.615] [info] [main.cpp:63] [QT] "风向: 西风 (270度) [编码: 0X0006]" (:0)
[2026-05-20 18:34:41.001] [info] [main.cpp:63] [QT] ====================================== (:0)
[2026-05-20 18:34:41.001] [info] [main.cpp:63] [QT] 断开设备连接... (:0)
[2026-05-20 18:34:41.001] [info] [main.cpp:63] [QT] 停止树控件更新 (:0)
[2026-05-20 18:34:41.001] [info] [main.cpp:63] [QT] 正在停止数据缓冲区... (:0)
[2026-05-20 18:34:41.001] [info] [main.cpp:63] [QT] 停止缓冲区定时器 (:0)
[2026-05-20 18:34:41.001] [info] [main.cpp:63] [QT] 清空数据缓冲区 (:0)
[2026-05-20 18:34:41.001] [info] [main.cpp:63] [QT] 数据缓冲区已完全停止 (:0)
[2026-05-20 18:34:41.001] [info] [main.cpp:63] [QT] 停止数据缓冲区 (:0)
[2026-05-20 18:34:41.017] [info] [main.cpp:63] [QT] 发送温湿度读取命令： (:0)
[2026-05-20 18:34:41.017] [info] [main.cpp:63] [QT]   设备地址: 1 (:0)
[2026-05-20 18:34:41.017] [info] [main.cpp:63] [QT]   起始寄存器: "0X0064" (:0)
[2026-05-20 18:34:41.017] [info] [main.cpp:63] [QT]   寄存器数量: 14 (:0)
[2026-05-20 18:34:41.017] [info] [main.cpp:63] [QT] 已设置超时时间: 5秒 (:0)
[2026-05-20 18:34:41.101] [info] [main.cpp:63] [QT] 正在断开Modbus设备... (:0)
[2026-05-20 18:34:41.101] [info] [main.cpp:63] [QT] 停止连续读取数据 (:0)
[2026-05-20 18:34:41.101] [info] [main.cpp:63] [QT] 停止连续读取 (:0)
[2026-05-20 18:34:41.101] [info] [main.cpp:63] [QT] 停止读取超时定时器 (:0)
[2026-05-20 18:34:41.101] [info] [main.cpp:63] [QT] 有未完成的请求，正在清理... (:0)
[2026-05-20 18:34:41.101] [info] [main.cpp:63] [QT] 清理当前回复 (:0)
[2026-05-20 18:34:41.102] [info] [main.cpp:63] [QT] 设备状态: "断开中..." (:0)
[2026-05-20 18:34:41.108] [info] [main.cpp:63] [QT] 设备状态: "未连接" (:0)
[2026-05-20 18:34:41.108] [info] [main.cpp:63] [QT] 发送断开连接请求 (:0)
[2026-05-20 18:34:41.160] [info] [main.cpp:63] [QT] 删除Modbus设备对象 (:0)
[2026-05-20 18:34:41.160] [info] [main.cpp:63] [QT] Modbus设备断开完成 (:0)
[2026-05-20 18:34:41.160] [info] [main.cpp:63] [QT] 断开Modbus设备 (:0)
[2026-05-20 18:34:41.301] [info] [main.cpp:63] [QT] 设备已断开连接 (:0)
[2026-05-20 18:34:41.301] [info] [main.cpp:63] [QT] ====================================== (:0)
[2026-05-20 19:01:17.865] [info] [main.cpp:63] [QT] ========== 应用程序关闭事件 ========== (:0)
[2026-05-20 19:01:17.865] [info] [main.cpp:63] [QT] 开始安全关闭程序... (:0)
[2026-05-20 19:01:17.865] [info] [main.cpp:63] [QT] 程序可以安全关闭 (:0)
[2026-05-20 19:01:17.874] [info] [main.cpp:63] [QT] 开始析构，清理资源... (:0)
[2026-05-20 19:01:17.874] [info] [main.cpp:63] [QT] 停止树控件更新定时器... (:0)
[2026-05-20 19:01:17.874] [info] [main.cpp:63] [QT] 断开Modbus设备... (:0)
[2026-05-20 19:01:17.874] [info] [main.cpp:63] [QT] 正在断开Modbus设备... (:0)
[2026-05-20 19:01:17.874] [info] [main.cpp:63] [QT] Modbus设备断开完成 (:0)
[2026-05-20 19:01:18.075] [info] [main.cpp:63] [QT] 停止串口监控... (:0)
[2026-05-20 19:01:18.075] [info] [main.cpp:63] [QT] 串口热插拔监控已停止 (:0)
[2026-05-20 19:01:18.075] [info] [main.cpp:63] [QT] 清理UI资源... (:0)
[2026-05-20 19:01:18.075] [info] [main.cpp:63] [QT] ModbusManager析构开始... (:0)
[2026-05-20 19:01:18.075] [info] [main.cpp:63] [QT] 正在断开Modbus设备... (:0)
[2026-05-20 19:01:18.075] [info] [main.cpp:63] [QT] Modbus设备断开完成 (:0)
[2026-05-20 19:01:18.075] [info] [main.cpp:63] [QT] 清理读取定时器 (:0)
[2026-05-20 19:01:18.075] [info] [main.cpp:63] [QT] 清理连续读取定时器 (:0)
[2026-05-20 19:01:18.075] [info] [main.cpp:63] [QT] ModbusManager析构完成 (:0)
[2026-05-20 19:01:18.075] [info] [main.cpp:63] [QT] 析构完成 (:0)
[2026-05-20 19:05:32.644] [info] [:] Logger initialized successfully. Path: logs/nexus.log
[2026-05-20 19:05:32.651] [info] [main.cpp:63] [QT] ====================================== (:0)
[2026-05-20 19:05:32.651] [info] [main.cpp:63] [QT] 初始化数据库... (:0)
[2026-05-20 19:05:32.651] [info] [main.cpp:63] [QT] 数据库文件路径: "D:/BIANJI/qt/AutomaticWeather_1/AutomaticWeather_1/build/Desktop_Qt_6_8_3_MinGW_64_bit-Release/weather_data.db" (:0)
[2026-05-20 19:05:32.651] [info] [main.cpp:63] [QT] 数据库文件已存在，大小: 4128768 字节 (:0)
[2026-05-20 19:05:32.653] [info] [main.cpp:63] [QT] 数据库连接成功 (:0)
[2026-05-20 19:05:32.653] [info] [main.cpp:63] [QT] 数据库表格创建成功 (:0)
[2026-05-20 19:05:32.653] [info] [main.cpp:63] [QT] 数据库初始化完成 (:0)
[2026-05-20 19:05:32.653] [info] [main.cpp:63] [QT] ====================================== (:0)
[2026-05-20 19:05:32.653] [info] [AutomaticWeather_1.cpp:32] 初始化数据库...
[2026-05-20 19:05:32.653] [info] [main.cpp:63] [QT] ====================================== (:0)
[2026-05-20 19:05:32.653] [info] [main.cpp:63] [QT] 初始化数据库... (:0)
[2026-05-20 19:05:32.653] [info] [main.cpp:63] [QT] 关闭已存在的数据库连接 (:0)
[2026-05-20 19:05:32.653] [info] [main.cpp:63] [QT] 数据库文件路径: "D:/BIANJI/qt/AutomaticWeather_1/AutomaticWeather_1/build/Desktop_Qt_6_8_3_MinGW_64_bit-Release/weather_data.db" (:0)
[2026-05-20 19:05:32.653] [info] [main.cpp:63] [QT] 数据库文件已存在，大小: 4128768 字节 (:0)
[2026-05-20 19:05:32.653] [warning] [main.cpp:69] [QT] QSqlDatabasePrivate::removeDatabase: connection 'weather_connection' is still in use, all queries will cease to work. (:0)
[2026-05-20 19:05:32.653] [warning] [main.cpp:69] [QT] QSqlDatabasePrivate::addDatabase: duplicate connection name 'weather_connection', old connection removed. (:0)
[2026-05-20 19:05:32.653] [info] [main.cpp:63] [QT] 数据库连接成功 (:0)
[2026-05-20 19:05:32.654] [info] [main.cpp:63] [QT] 数据库表格创建成功 (:0)
[2026-05-20 19:05:32.654] [info] [main.cpp:63] [QT] 数据库初始化完成 (:0)
[2026-05-20 19:05:32.654] [info] [main.cpp:63] [QT] ====================================== (:0)
[2026-05-20 19:05:32.654] [info] [main.cpp:63] [QT] 数据库初始化成功，文件路径： "D:/BIANJI/qt/AutomaticWeather_1/AutomaticWeather_1/build/Desktop_Qt_6_8_3_MinGW_64_bit-Release/weather_data.db" (:0)
[2026-05-20 19:05:32.654] [info] [main.cpp:63] [QT] 未知数据类型 -1 (:0)
[2026-05-20 19:05:32.654] [info] [main.cpp:63] [QT] updateChart: 数据天数 = 0 (:0)
[2026-05-20 19:05:32.669] [info] [main.cpp:63] [QT] 发现新串口: "COM3" 描述: "Silicon Labs CP210x USB to UART Bridge" (:0)
[2026-05-20 19:05:32.669] [info] [main.cpp:63] [QT] 发现新串口: "COM1" 描述: "Virtual Serial Port 9 (Eltima Software)" (:0)
[2026-05-20 19:05:32.669] [info] [main.cpp:63] [QT] 发现新串口: "COM2" 描述: "Virtual Serial Port 9 (Eltima Software)" (:0)
[2026-05-20 19:05:32.669] [info] [main.cpp:63] [QT] 串口列表发生变化: (:0)
[2026-05-20 19:05:32.669] [info] [main.cpp:63] [QT]   之前: QList() (:0)
[2026-05-20 19:05:32.669] [info] [main.cpp:63] [QT]   现在: QList("COM3 (Silicon Labs CP210x USB to UART Bridge)", "COM1 (Virtual Serial Port 9 (Eltima Software))", "COM2 (Virtual Serial Port 9 (Eltima Software))") (:0)
[2026-05-20 19:05:32.681] [info] [main.cpp:63] [QT] 更新下拉框：共 3 个串口 (:0)
[2026-05-20 19:05:32.681] [info] [main.cpp:63] [QT] 串口热插拔监控已启动，间隔: 2000ms (:0)
[2026-05-20 19:05:32.725] [info] [main.cpp:63] [QT] updateChart: 数据天数 = 4 (:0)
[2026-05-20 19:05:32.726] [info] [main.cpp:63] [QT] min系列点数 = 3 max系列点数 = 3 (:0)
[2026-05-20 19:05:32.726] [info] [main.cpp:63] [QT] 程序初始化完成 (:0)
[2026-05-20 19:05:32.806] [info] [main.cpp:63] [QT] 应用程序启动，中文测试：天气数据加载中…… (:0)
[2026-05-20 19:05:43.237] [info] [main.cpp:63] [QT] ====================================== (:0)
[2026-05-20 19:05:43.237] [info] [main.cpp:63] [QT] 开始连接传感器... (:0)
[2026-05-20 19:05:43.237] [info] [main.cpp:63] [QT] 连接参数： (:0)
[2026-05-20 19:05:43.237] [info] [main.cpp:63] [QT]   串口: "COM3" (:0)
[2026-05-20 19:05:43.237] [info] [main.cpp:63] [QT]   波特率: 9600 bps (:0)
[2026-05-20 19:05:43.237] [info] [main.cpp:63] [QT]   温湿度设备地址: 1 (:0)
[2026-05-20 19:05:43.237] [info] [main.cpp:63] [QT]   风速设备地址: 2 (:0)
[2026-05-20 19:05:43.237] [info] [main.cpp:63] [QT]   风向设备地址: 3 (:0)
[2026-05-20 19:05:43.237] [info] [main.cpp:63] [QT] 连接参数详情： (:0)
[2026-05-20 19:05:43.237] [info] [main.cpp:63] [QT] 纯端口名: "COM3" (:0)
[2026-05-20 19:05:43.237] [info] [main.cpp:63] [QT] 波特率: 9600 (:0)
[2026-05-20 19:05:43.237] [info] [main.cpp:63] [QT] 正在断开Modbus设备... (:0)
[2026-05-20 19:05:43.237] [info] [main.cpp:63] [QT] Modbus设备断开完成 (:0)
[2026-05-20 19:05:43.237] [info] [main.cpp:63] [QT] 设置串口参数... (:0)
[2026-05-20 19:05:43.237] [info] [main.cpp:63] [QT] 正在连接设备... (:0)
[2026-05-20 19:05:43.237] [info] [main.cpp:63] [QT] 设备状态: "连接中..." (:0)
[2026-05-20 19:05:43.283] [info] [main.cpp:63] [QT] 设备状态: "已连接" (:0)
[2026-05-20 19:05:43.283] [info] [main.cpp:63] [QT] 设备连接成功！ (:0)
[2026-05-20 19:05:43.283] [info] [main.cpp:63] [QT] 开始连续读取传感器数据... (:0)
[2026-05-20 19:05:43.283] [info] [main.cpp:63] [QT] 设备连接成功！ (:0)
[2026-05-20 19:05:43.283] [info] [main.cpp:63] [QT] 开始连续读取数据... (:0)
[2026-05-20 19:05:43.334] [info] [main.cpp:63] [QT] 设备连接请求已发送，等待响应... (:0)
[2026-05-20 19:05:43.335] [info] [main.cpp:63] [QT] 数据缓冲区已启动 (:0)
[2026-05-20 19:05:43.335] [info] [main.cpp:63] [QT] 启动数据缓冲区（每60次保存一次） (:0)
[2026-05-20 19:05:43.335] [info] [main.cpp:63] [QT] 启动树控件实时更新 (:0)
[2026-05-20 19:05:43.335] [info] [main.cpp:63] [QT] 等待设备连接确认... (:0)
[2026-05-20 19:05:43.335] [info] [main.cpp:63] [QT] ====================================== (:0)
[2026-05-20 19:05:43.783] [info] [main.cpp:63] [QT] 发送温湿度读取命令： (:0)
[2026-05-20 19:05:43.783] [info] [main.cpp:63] [QT]   设备地址: 1 (:0)
[2026-05-20 19:05:43.783] [info] [main.cpp:63] [QT]   起始寄存器: "0X0064" (:0)
[2026-05-20 19:05:43.783] [info] [main.cpp:63] [QT]   寄存器数量: 14 (:0)
[2026-05-20 19:05:43.783] [info] [main.cpp:63] [QT] 已设置超时时间: 5秒 (:0)
[2026-05-20 19:05:43.884] [info] [main.cpp:63] [QT] 收到传感器数据，开始解析... (:0)
[2026-05-20 19:05:43.884] [info] [main.cpp:63] [QT] === 温湿度传感器数据 === (:0)
[2026-05-20 19:05:43.884] [info] [main.cpp:63] [QT] 寄存器原始值（十六进制）： (:0)
[2026-05-20 19:05:43.884] [info] [main.cpp:63] [QT] "  REG[100] = 0X41CF" (:0)
[2026-05-20 19:05:43.884] [info] [main.cpp:63] [QT] "  REG[101] = 0X2228" (:0)
[2026-05-20 19:05:43.884] [info] [main.cpp:63] [QT] "  REG[102] = 0X4234" (:0)
[2026-05-20 19:05:43.884] [info] [main.cpp:63] [QT] "  REG[103] = 0X9DDC" (:0)
[2026-05-20 19:05:43.884] [info] [main.cpp:63] [QT] "  REG[104] = 0X42BB" (:0)
[2026-05-20 19:05:43.884] [info] [main.cpp:63] [QT] "  REG[105] = 0X2B03" (:0)
[2026-05-20 19:05:43.884] [info] [main.cpp:63] [QT] "  REG[106] = 0X4151" (:0)
[2026-05-20 19:05:43.884] [info] [main.cpp:63] [QT] "  REG[107] = 0XAE55" (:0)
[2026-05-20 19:05:43.884] [info] [main.cpp:63] [QT] "  REG[108] = 0X4420" (:0)
[2026-05-20 19:05:43.884] [info] [main.cpp:63] [QT] "  REG[109] = 0X078E" (:0)
[2026-05-20 19:05:43.884] [info] [main.cpp:63] [QT] "  REG[110] = 0X4488" (:0)
[2026-05-20 19:05:43.884] [info] [main.cpp:63] [QT] "  REG[111] = 0X8E08" (:0)
[2026-05-20 19:05:43.884] [info] [main.cpp:63] [QT] "  REG[112] = 0X3DDF" (:0)
[2026-05-20 19:05:43.884] [info] [main.cpp:63] [QT] "  REG[113] = 0XBB3D" (:0)
[2026-05-20 19:05:43.884] [info] [main.cpp:63] [QT] 解析结果： (:0)
[2026-05-20 19:05:43.884] [info] [main.cpp:63] [QT] "  温度: 25.89 °C" (:0)
[2026-05-20 19:05:43.884] [info] [main.cpp:63] [QT] "    原始: REG[100]=0X41CF, REG[101]=0X2228" (:0)
[2026-05-20 19:05:43.884] [info] [main.cpp:63] [QT] "  湿度: 45.15 %RH" (:0)
[2026-05-20 19:05:43.884] [info] [main.cpp:63] [QT] "    原始: REG[102]=0X4234, REG[103]=0X9DDC" (:0)
[2026-05-20 19:05:43.884] [info] [main.cpp:63] [QT] "  大气压: 93.58 kPa" (:0)
[2026-05-20 19:05:43.884] [info] [main.cpp:63] [QT] "    原始: REG[104]=0X42BB, REG[105]=0X2B03" (:0)
[2026-05-20 19:05:43.884] [info] [main.cpp:63] [QT] "  露点温度: 13.11 °C" (:0)
[2026-05-20 19:05:43.884] [info] [main.cpp:63] [QT] "    原始: REG[106]=0X4151, REG[107]=0XAE55" (:0)
[2026-05-20 19:05:43.884] [info] [main.cpp:63] [QT] "  海拔: 640.12 m" (:0)
[2026-05-20 19:05:43.884] [info] [main.cpp:63] [QT] "    原始: REG[108]=0X4420, REG[109]=0X078E" (:0)
[2026-05-20 19:05:43.884] [info] [main.cpp:63] [QT] "  含水量: 1092.44 mg/m³" (:0)
[2026-05-20 19:05:43.884] [info] [main.cpp:63] [QT] "    原始: REG[110]=0X4488, REG[111]=0X8E08" (:0)
[2026-05-20 19:05:43.884] [info] [main.cpp:63] [QT] "  含水量百分比: 10.92 %" (:0)
[2026-05-20 19:05:43.885] [info] [main.cpp:63] [QT] "    原始: REG[112]=0X3DDF, REG[113]=0XBB3D" (:0)
[2026-05-20 19:05:43.885] [info] [main.cpp:63] [QT] ================== (:0)
[2026-05-20 19:05:43.885] [info] [main.cpp:63] [QT] 数据已添加到缓冲区（每30次保存一次） (:0)
[2026-05-20 19:05:44.281] [info] [main.cpp:63] [QT] 发送风速读取命令： (:0)
[2026-05-20 19:05:44.281] [info] [main.cpp:63] [QT]   设备地址: 2 (:0)
[2026-05-20 19:05:44.281] [info] [main.cpp:63] [QT]   指令: 0x02 0x03 0x00 0x00 0x00 0x01 (:0)
[2026-05-20 19:05:44.365] [info] [main.cpp:63] [QT] === 解析风速数据 === (:0)
[2026-05-20 19:05:44.365] [info] [main.cpp:63] [QT] 原始数据(十六进制): "02 00 00" (:0)
[2026-05-20 19:05:44.365] [info] [main.cpp:63] [QT] 数据长度: 3 字节 (:0)
[2026-05-20 19:05:44.365] [info] [main.cpp:63] [QT] 风速数据解析: (:0)
[2026-05-20 19:05:44.365] [info] [main.cpp:63] [QT]   字节数: 0x "02" (:0)
[2026-05-20 19:05:44.365] [info] [main.cpp:63] [QT]   原始值: 0x "0000" (:0)
[2026-05-20 19:05:44.365] [info] [main.cpp:63] [QT]   十进制: 0 (:0)
[2026-05-20 19:05:44.365] [info] [main.cpp:63] [QT]   风速:  "0.0" m/s (:0)
[2026-05-20 19:05:44.365] [info] [main.cpp:63] [QT] ================== (:0)
[2026-05-20 19:05:44.365] [info] [main.cpp:63] [QT] ====================================== (:0)
[2026-05-20 19:05:44.365] [info] [main.cpp:63] [QT] 风速数据接收: (:0)
[2026-05-20 19:05:44.365] [info] [main.cpp:63] [QT]   风速: "0.0" m/s (:0)
[2026-05-20 19:05:44.365] [info] [main.cpp:63] [QT] 风速数据已添加到缓冲区 (:0)
[2026-05-20 19:05:44.784] [info] [main.cpp:63] [QT] 发送风向读取命令： (:0)
[2026-05-20 19:05:44.784] [info] [main.cpp:63] [QT]   设备地址: 3 (:0)
[2026-05-20 19:05:44.784] [info] [main.cpp:63] [QT]   指令: 0x03 0x03 0x00 0x00 0x00 0x02 (:0)
[2026-05-20 19:05:44.864] [info] [main.cpp:63] [QT] === 解析风向数据 === (:0)
[2026-05-20 19:05:44.864] [info] [main.cpp:63] [QT] 原始数据(十六进制): "04 00 06 01 0E" (:0)
[2026-05-20 19:05:44.864] [info] [main.cpp:63] [QT] 数据长度: 5 字节 (:0)
[2026-05-20 19:05:44.864] [info] [main.cpp:63] [QT] 风向数据解析: (:0)
[2026-05-20 19:05:44.864] [info] [main.cpp:63] [QT]   字节数: 0x "04" (:0)
[2026-05-20 19:05:44.864] [info] [main.cpp:63] [QT]   方位编码: 0x "0006" (:0)
[2026-05-20 19:05:44.864] [info] [main.cpp:63] [QT]   方位十进制: 6 (:0)
[2026-05-20 19:05:44.864] [info] [main.cpp:63] [QT]   风向描述: "西风" (:0)
[2026-05-20 19:05:44.864] [info] [main.cpp:63] [QT]   方位角度: 270 度 (:0)
[2026-05-20 19:05:44.864] [info] [main.cpp:63] [QT]   整数角度原始值: 0x "010E" (:0)
[2026-05-20 19:05:44.864] [info] [main.cpp:63] [QT]   整数角度十进制: 270 (:0)
[2026-05-20 19:05:44.864] [info] [main.cpp:63] [QT]   整数角度值: 270 度 (:0)
[2026-05-20 19:05:44.864] [info] [main.cpp:63] [QT] ================== (:0)
[2026-05-20 19:05:44.864] [info] [main.cpp:63] [QT] ====================================== (:0)
[2026-05-20 19:05:44.864] [info] [main.cpp:63] [QT] 风向数据接收: (:0)
[2026-05-20 19:05:44.864] [info] [main.cpp:63] [QT]   方位编码: 6 (:0)
[2026-05-20 19:05:44.864] [info] [main.cpp:63] [QT]   风向角度: 270 度 (:0)
[2026-05-20 19:05:44.864] [info] [main.cpp:63] [QT]   风向描述: "西风" (:0)
[2026-05-20 19:05:44.864] [info] [main.cpp:63] [QT] 风向数据已添加到缓冲区 (:0)
[2026-05-20 19:05:44.864] [info] [main.cpp:63] [QT] "风向: 西风 (270度) [编码: 0X0006]" (:0)
[2026-05-20 19:05:45.281] [info] [main.cpp:63] [QT] 发送温湿度读取命令： (:0)
[2026-05-20 19:05:45.281] [info] [main.cpp:63] [QT]   设备地址: 1 (:0)
[2026-05-20 19:05:45.281] [info] [main.cpp:63] [QT]   起始寄存器: "0X0064" (:0)
[2026-05-20 19:05:45.281] [info] [main.cpp:63] [QT]   寄存器数量: 14 (:0)
[2026-05-20 19:05:45.281] [info] [main.cpp:63] [QT] 已设置超时时间: 5秒 (:0)
[2026-05-20 19:05:45.388] [info] [main.cpp:63] [QT] 收到传感器数据，开始解析... (:0)
[2026-05-20 19:05:45.388] [info] [main.cpp:63] [QT] === 温湿度传感器数据 === (:0)
[2026-05-20 19:05:45.388] [info] [main.cpp:63] [QT] 寄存器原始值（十六进制）： (:0)
[2026-05-20 19:05:45.388] [info] [main.cpp:63] [QT] "  REG[100] = 0X41CF" (:0)
[2026-05-20 19:05:45.388] [info] [main.cpp:63] [QT] "  REG[101] = 0X2228" (:0)
[2026-05-20 19:05:45.388] [info] [main.cpp:63] [QT] "  REG[102] = 0X4234" (:0)
[2026-05-20 19:05:45.388] [info] [main.cpp:63] [QT] "  REG[103] = 0X9551" (:0)
[2026-05-20 19:05:45.388] [info] [main.cpp:63] [QT] "  REG[104] = 0X42BB" (:0)
[2026-05-20 19:05:45.388] [info] [main.cpp:63] [QT] "  REG[105] = 0X2B86" (:0)
[2026-05-20 19:05:45.388] [info] [main.cpp:63] [QT] "  REG[106] = 0X4151" (:0)
[2026-05-20 19:05:45.388] [info] [main.cpp:63] [QT] "  REG[107] = 0XA2C0" (:0)
[2026-05-20 19:05:45.388] [info] [main.cpp:63] [QT] "  REG[108] = 0X4420" (:0)
[2026-05-20 19:05:45.388] [info] [main.cpp:63] [QT] "  REG[109] = 0X0202" (:0)
[2026-05-20 19:05:45.388] [info] [main.cpp:63] [QT] "  REG[110] = 0X4488" (:0)
[2026-05-20 19:05:45.388] [info] [main.cpp:63] [QT] "  REG[111] = 0X8793" (:0)
[2026-05-20 19:05:45.388] [info] [main.cpp:63] [QT] "  REG[112] = 0X3DDF" (:0)
[2026-05-20 19:05:45.388] [info] [main.cpp:63] [QT] "  REG[113] = 0XB0A9" (:0)
[2026-05-20 19:05:45.388] [info] [main.cpp:63] [QT] 解析结果： (:0)
[2026-05-20 19:05:45.388] [info] [main.cpp:63] [QT] "  温度: 25.89 °C" (:0)
[2026-05-20 19:05:45.388] [info] [main.cpp:63] [QT] "    原始: REG[100]=0X41CF, REG[101]=0X2228" (:0)
[2026-05-20 19:05:45.388] [info] [main.cpp:63] [QT] "  湿度: 45.15 %RH" (:0)
[2026-05-20 19:05:45.388] [info] [main.cpp:63] [QT] "    原始: REG[102]=0X4234, REG[103]=0X9551" (:0)
[2026-05-20 19:05:45.388] [info] [main.cpp:63] [QT] "  大气压: 93.59 kPa" (:0)
[2026-05-20 19:05:45.388] [info] [main.cpp:63] [QT] "    原始: REG[104]=0X42BB, REG[105]=0X2B86" (:0)
[2026-05-20 19:05:45.388] [info] [main.cpp:63] [QT] "  露点温度: 13.10 °C" (:0)
[2026-05-20 19:05:45.388] [info] [main.cpp:63] [QT] "    原始: REG[106]=0X4151, REG[107]=0XA2C0" (:0)
[2026-05-20 19:05:45.388] [info] [main.cpp:63] [QT] "  海拔: 640.03 m" (:0)
[2026-05-20 19:05:45.388] [info] [main.cpp:63] [QT] "    原始: REG[108]=0X4420, REG[109]=0X0202" (:0)
[2026-05-20 19:05:45.388] [info] [main.cpp:63] [QT] "  含水量: 1092.24 mg/m³" (:0)
[2026-05-20 19:05:45.388] [info] [main.cpp:63] [QT] "    原始: REG[110]=0X4488, REG[111]=0X8793" (:0)
[2026-05-20 19:05:45.388] [info] [main.cpp:63] [QT] "  含水量百分比: 10.92 %" (:0)
[2026-05-20 19:05:45.388] [info] [main.cpp:63] [QT] "    原始: REG[112]=0X3DDF, REG[113]=0XB0A9" (:0)
[2026-05-20 19:05:45.388] [info] [main.cpp:63] [QT] ================== (:0)
[2026-05-20 19:05:45.388] [info] [main.cpp:63] [QT] 数据已添加到缓冲区（每30次保存一次） (:0)
[2026-05-20 19:05:45.780] [info] [main.cpp:63] [QT] 发送风速读取命令： (:0)
[2026-05-20 19:05:45.780] [info] [main.cpp:63] [QT]   设备地址: 2 (:0)
[2026-05-20 19:05:45.780] [info] [main.cpp:63] [QT]   指令: 0x02 0x03 0x00 0x00 0x00 0x01 (:0)
[2026-05-20 19:05:45.858] [info] [main.cpp:63] [QT] === 解析风速数据 === (:0)
[2026-05-20 19:05:45.858] [info] [main.cpp:63] [QT] 原始数据(十六进制): "02 00 00" (:0)
[2026-05-20 19:05:45.858] [info] [main.cpp:63] [QT] 数据长度: 3 字节 (:0)
[2026-05-20 19:05:45.858] [info] [main.cpp:63] [QT] 风速数据解析: (:0)
[2026-05-20 19:05:45.858] [info] [main.cpp:63] [QT]   字节数: 0x "02" (:0)
[2026-05-20 19:05:45.858] [info] [main.cpp:63] [QT]   原始值: 0x "0000" (:0)
[2026-05-20 19:05:45.858] [info] [main.cpp:63] [QT]   十进制: 0 (:0)
[2026-05-20 19:05:45.858] [info] [main.cpp:63] [QT]   风速:  "0.0" m/s (:0)
[2026-05-20 19:05:45.858] [info] [main.cpp:63] [QT] ================== (:0)
[2026-05-20 19:05:45.858] [info] [main.cpp:63] [QT] ====================================== (:0)
[2026-05-20 19:05:45.858] [info] [main.cpp:63] [QT] 风速数据接收: (:0)
[2026-05-20 19:05:45.858] [info] [main.cpp:63] [QT]   风速: "0.0" m/s (:0)
[2026-05-20 19:05:45.858] [info] [main.cpp:63] [QT] 风速数据已添加到缓冲区 (:0)
[2026-05-20 19:05:46.282] [info] [main.cpp:63] [QT] 发送风向读取命令： (:0)
[2026-05-20 19:05:46.282] [info] [main.cpp:63] [QT]   设备地址: 3 (:0)
[2026-05-20 19:05:46.282] [info] [main.cpp:63] [QT]   指令: 0x03 0x03 0x00 0x00 0x00 0x02 (:0)
[2026-05-20 19:05:46.368] [info] [main.cpp:63] [QT] === 解析风向数据 === (:0)
[2026-05-20 19:05:46.368] [info] [main.cpp:63] [QT] 原始数据(十六进制): "04 00 06 01 0E" (:0)
[2026-05-20 19:05:46.368] [info] [main.cpp:63] [QT] 数据长度: 5 字节 (:0)
[2026-05-20 19:05:46.368] [info] [main.cpp:63] [QT] 风向数据解析: (:0)
[2026-05-20 19:05:46.368] [info] [main.cpp:63] [QT]   字节数: 0x "04" (:0)
[2026-05-20 19:05:46.368] [info] [main.cpp:63] [QT]   方位编码: 0x "0006" (:0)
[2026-05-20 19:05:46.368] [info] [main.cpp:63] [QT]   方位十进制: 6 (:0)
[2026-05-20 19:05:46.368] [info] [main.cpp:63] [QT]   风向描述: "西风" (:0)
[2026-05-20 19:05:46.368] [info] [main.cpp:63] [QT]   方位角度: 270 度 (:0)
[2026-05-20 19:05:46.368] [info] [main.cpp:63] [QT]   整数角度原始值: 0x "010E" (:0)
[2026-05-20 19:05:46.368] [info] [main.cpp:63] [QT]   整数角度十进制: 270 (:0)
[2026-05-20 19:05:46.368] [info] [main.cpp:63] [QT]   整数角度值: 270 度 (:0)
[2026-05-20 19:05:46.368] [info] [main.cpp:63] [QT] ================== (:0)
[2026-05-20 19:05:46.368] [info] [main.cpp:63] [QT] ====================================== (:0)
[2026-05-20 19:05:46.368] [info] [main.cpp:63] [QT] 风向数据接收: (:0)
[2026-05-20 19:05:46.368] [info] [main.cpp:63] [QT]   方位编码: 6 (:0)
[2026-05-20 19:05:46.368] [info] [main.cpp:63] [QT]   风向角度: 270 度 (:0)
[2026-05-20 19:05:46.368] [info] [main.cpp:63] [QT]   风向描述: "西风" (:0)
[2026-05-20 19:05:46.368] [info] [main.cpp:63] [QT] 风向数据已添加到缓冲区 (:0)
[2026-05-20 19:05:46.368] [info] [main.cpp:63] [QT] "风向: 西风 (270度) [编码: 0X0006]" (:0)
[2026-05-20 19:05:46.781] [info] [main.cpp:63] [QT] 发送温湿度读取命令： (:0)
[2026-05-20 19:05:46.781] [info] [main.cpp:63] [QT]   设备地址: 1 (:0)
[2026-05-20 19:05:46.781] [info] [main.cpp:63] [QT]   起始寄存器: "0X0064" (:0)
[2026-05-20 19:05:46.781] [info] [main.cpp:63] [QT]   寄存器数量: 14 (:0)
[2026-05-20 19:05:46.781] [info] [main.cpp:63] [QT] 已设置超时时间: 5秒 (:0)
[2026-05-20 19:05:46.882] [info] [main.cpp:63] [QT] 收到传感器数据，开始解析... (:0)
[2026-05-20 19:05:46.882] [info] [main.cpp:63] [QT] === 温湿度传感器数据 === (:0)
[2026-05-20 19:05:46.882] [info] [main.cpp:63] [QT] 寄存器原始值（十六进制）： (:0)
[2026-05-20 19:05:46.882] [info] [main.cpp:63] [QT] "  REG[100] = 0X41CF" (:0)
[2026-05-20 19:05:46.882] [info] [main.cpp:63] [QT] "  REG[101] = 0X2EF5" (:0)
[2026-05-20 19:05:46.882] [info] [main.cpp:63] [QT] "  REG[102] = 0X4234" (:0)
[2026-05-20 19:05:46.882] [info] [main.cpp:63] [QT] "  REG[103] = 0X9330" (:0)
[2026-05-20 19:05:46.882] [info] [main.cpp:63] [QT] "  REG[104] = 0X42BB" (:0)
[2026-05-20 19:05:46.882] [info] [main.cpp:63] [QT] "  REG[105] = 0X2B03" (:0)
[2026-05-20 19:05:46.882] [info] [main.cpp:63] [QT] "  REG[106] = 0X4151" (:0)
[2026-05-20 19:05:46.882] [info] [main.cpp:63] [QT] "  REG[107] = 0XB70A" (:0)
[2026-05-20 19:05:46.882] [info] [main.cpp:63] [QT] "  REG[108] = 0X4420" (:0)
[2026-05-20 19:05:46.882] [info] [main.cpp:63] [QT] "  REG[109] = 0X078E" (:0)
[2026-05-20 19:05:46.882] [info] [main.cpp:63] [QT] "  REG[110] = 0X4488" (:0)
[2026-05-20 19:05:46.882] [info] [main.cpp:63] [QT] "  REG[111] = 0X924B" (:0)
[2026-05-20 19:05:46.882] [info] [main.cpp:63] [QT] "  REG[112] = 0X3DDF" (:0)
[2026-05-20 19:05:46.882] [info] [main.cpp:63] [QT] "  REG[113] = 0XC238" (:0)
[2026-05-20 19:05:46.882] [info] [main.cpp:63] [QT] 解析结果： (:0)
[2026-05-20 19:05:46.882] [info] [main.cpp:63] [QT] "  温度: 25.90 °C" (:0)
[2026-05-20 19:05:46.882] [info] [main.cpp:63] [QT] "    原始: REG[100]=0X41CF, REG[101]=0X2EF5" (:0)
[2026-05-20 19:05:46.882] [info] [main.cpp:63] [QT] "  湿度: 45.14 %RH" (:0)
[2026-05-20 19:05:46.882] [info] [main.cpp:63] [QT] "    原始: REG[102]=0X4234, REG[103]=0X9330" (:0)
[2026-05-20 19:05:46.882] [info] [main.cpp:63] [QT] "  大气压: 93.58 kPa" (:0)
[2026-05-20 19:05:46.882] [info] [main.cpp:63] [QT] "    原始: REG[104]=0X42BB, REG[105]=0X2B03" (:0)
[2026-05-20 19:05:46.882] [info] [main.cpp:63] [QT] "  露点温度: 13.11 °C" (:0)
[2026-05-20 19:05:46.882] [info] [main.cpp:63] [QT] "    原始: REG[106]=0X4151, REG[107]=0XB70A" (:0)
[2026-05-20 19:05:46.882] [info] [main.cpp:63] [QT] "  海拔: 640.12 m" (:0)
[2026-05-20 19:05:46.882] [info] [main.cpp:63] [QT] "    原始: REG[108]=0X4420, REG[109]=0X078E" (:0)
[2026-05-20 19:05:46.882] [info] [main.cpp:63] [QT] "  含水量: 1092.57 mg/m³" (:0)
[2026-05-20 19:05:46.882] [info] [main.cpp:63] [QT] "    原始: REG[110]=0X4488, REG[111]=0X924B" (:0)
[2026-05-20 19:05:46.882] [info] [main.cpp:63] [QT] "  含水量百分比: 10.93 %" (:0)
[2026-05-20 19:05:46.882] [info] [main.cpp:63] [QT] "    原始: REG[112]=0X3DDF, REG[113]=0XC238" (:0)
[2026-05-20 19:05:46.882] [info] [main.cpp:63] [QT] ================== (:0)
[2026-05-20 19:05:46.882] [info] [main.cpp:63] [QT] 数据已添加到缓冲区（每30次保存一次） (:0)
[2026-05-20 19:05:47.281] [info] [main.cpp:63] [QT] 发送风速读取命令： (:0)
[2026-05-20 19:05:47.281] [info] [main.cpp:63] [QT]   设备地址: 2 (:0)
[2026-05-20 19:05:47.281] [info] [main.cpp:63] [QT]   指令: 0x02 0x03 0x00 0x00 0x00 0x01 (:0)
[2026-05-20 19:05:47.362] [info] [main.cpp:63] [QT] === 解析风速数据 === (:0)
[2026-05-20 19:05:47.362] [info] [main.cpp:63] [QT] 原始数据(十六进制): "02 00 00" (:0)
[2026-05-20 19:05:47.362] [info] [main.cpp:63] [QT] 数据长度: 3 字节 (:0)
[2026-05-20 19:05:47.362] [info] [main.cpp:63] [QT] 风速数据解析: (:0)
[2026-05-20 19:05:47.362] [info] [main.cpp:63] [QT]   字节数: 0x "02" (:0)
[2026-05-20 19:05:47.362] [info] [main.cpp:63] [QT]   原始值: 0x "0000" (:0)
[2026-05-20 19:05:47.362] [info] [main.cpp:63] [QT]   十进制: 0 (:0)
[2026-05-20 19:05:47.362] [info] [main.cpp:63] [QT]   风速:  "0.0" m/s (:0)
[2026-05-20 19:05:47.362] [info] [main.cpp:63] [QT] ================== (:0)
[2026-05-20 19:05:47.362] [info] [main.cpp:63] [QT] ====================================== (:0)
[2026-05-20 19:05:47.362] [info] [main.cpp:63] [QT] 风速数据接收: (:0)
[2026-05-20 19:05:47.362] [info] [main.cpp:63] [QT]   风速: "0.0" m/s (:0)
[2026-05-20 19:05:47.362] [info] [main.cpp:63] [QT] 风速数据已添加到缓冲区 (:0)
[2026-05-20 19:05:47.780] [info] [main.cpp:63] [QT] 发送风向读取命令： (:0)
[2026-05-20 19:05:47.780] [info] [main.cpp:63] [QT]   设备地址: 3 (:0)
[2026-05-20 19:05:47.780] [info] [main.cpp:63] [QT]   指令: 0x03 0x03 0x00 0x00 0x00 0x02 (:0)
[2026-05-20 19:05:47.860] [info] [main.cpp:63] [QT] === 解析风向数据 === (:0)
[2026-05-20 19:05:47.860] [info] [main.cpp:63] [QT] 原始数据(十六进制): "04 00 06 01 0E" (:0)
[2026-05-20 19:05:47.860] [info] [main.cpp:63] [QT] 数据长度: 5 字节 (:0)
[2026-05-20 19:05:47.860] [info] [main.cpp:63] [QT] 风向数据解析: (:0)
[2026-05-20 19:05:47.860] [info] [main.cpp:63] [QT]   字节数: 0x "04" (:0)
[2026-05-20 19:05:47.860] [info] [main.cpp:63] [QT]   方位编码: 0x "0006" (:0)
[2026-05-20 19:05:47.860] [info] [main.cpp:63] [QT]   方位十进制: 6 (:0)
[2026-05-20 19:05:47.860] [info] [main.cpp:63] [QT]   风向描述: "西风" (:0)
[2026-05-20 19:05:47.860] [info] [main.cpp:63] [QT]   方位角度: 270 度 (:0)
[2026-05-20 19:05:47.860] [info] [main.cpp:63] [QT]   整数角度原始值: 0x "010E" (:0)
[2026-05-20 19:05:47.860] [info] [main.cpp:63] [QT]   整数角度十进制: 270 (:0)
[2026-05-20 19:05:47.860] [info] [main.cpp:63] [QT]   整数角度值: 270 度 (:0)
[2026-05-20 19:05:47.860] [info] [main.cpp:63] [QT] ================== (:0)
[2026-05-20 19:05:47.860] [info] [main.cpp:63] [QT] ====================================== (:0)
[2026-05-20 19:05:47.860] [info] [main.cpp:63] [QT] 风向数据接收: (:0)
[2026-05-20 19:05:47.860] [info] [main.cpp:63] [QT]   方位编码: 6 (:0)
[2026-05-20 19:05:47.860] [info] [main.cpp:63] [QT]   风向角度: 270 度 (:0)
[2026-05-20 19:05:47.860] [info] [main.cpp:63] [QT]   风向描述: "西风" (:0)
[2026-05-20 19:05:47.860] [info] [main.cpp:63] [QT] 风向数据已添加到缓冲区 (:0)
[2026-05-20 19:05:47.860] [info] [main.cpp:63] [QT] "风向: 西风 (270度) [编码: 0X0006]" (:0)
[2026-05-20 19:05:48.284] [info] [main.cpp:63] [QT] 发送温湿度读取命令： (:0)
[2026-05-20 19:05:48.284] [info] [main.cpp:63] [QT]   设备地址: 1 (:0)
[2026-05-20 19:05:48.284] [info] [main.cpp:63] [QT]   起始寄存器: "0X0064" (:0)
[2026-05-20 19:05:48.284] [info] [main.cpp:63] [QT]   寄存器数量: 14 (:0)
[2026-05-20 19:05:48.284] [info] [main.cpp:63] [QT] 已设置超时时间: 5秒 (:0)
[2026-05-20 19:05:48.395] [info] [main.cpp:63] [QT] 收到传感器数据，开始解析... (:0)
[2026-05-20 19:05:48.395] [info] [main.cpp:63] [QT] === 温湿度传感器数据 === (:0)
[2026-05-20 19:05:48.395] [info] [main.cpp:63] [QT] 寄存器原始值（十六进制）： (:0)
[2026-05-20 19:05:48.395] [info] [main.cpp:63] [QT] "  REG[100] = 0X41CF" (:0)
[2026-05-20 19:05:48.395] [info] [main.cpp:63] [QT] "  REG[101] = 0X2EF4" (:0)
[2026-05-20 19:05:48.395] [info] [main.cpp:63] [QT] "  REG[102] = 0X4234" (:0)
[2026-05-20 19:05:48.395] [info] [main.cpp:63] [QT] "  REG[103] = 0X9994" (:0)
[2026-05-20 19:05:48.395] [info] [main.cpp:63] [QT] "  REG[104] = 0X42BB" (:0)
[2026-05-20 19:05:48.395] [info] [main.cpp:63] [QT] "  REG[105] = 0X2B03" (:0)
[2026-05-20 19:05:48.395] [info] [main.cpp:63] [QT] "  REG[106] = 0X4151" (:0)
[2026-05-20 19:05:48.395] [info] [main.cpp:63] [QT] "  REG[107] = 0XBFB2" (:0)
[2026-05-20 19:05:48.395] [info] [main.cpp:63] [QT] "  REG[108] = 0X4420" (:0)
[2026-05-20 19:05:48.395] [info] [main.cpp:63] [QT] "  REG[109] = 0X078E" (:0)
[2026-05-20 19:05:48.395] [info] [main.cpp:63] [QT] "  REG[110] = 0X4488" (:0)
[2026-05-20 19:05:48.395] [info] [main.cpp:63] [QT] "  REG[111] = 0X9720" (:0)
[2026-05-20 19:05:48.395] [info] [main.cpp:63] [QT] "  REG[112] = 0X3DDF" (:0)
[2026-05-20 19:05:48.395] [info] [main.cpp:63] [QT] "  REG[113] = 0XCA23" (:0)
[2026-05-20 19:05:48.395] [info] [main.cpp:63] [QT] 解析结果： (:0)
[2026-05-20 19:05:48.395] [info] [main.cpp:63] [QT] "  温度: 25.90 °C" (:0)
[2026-05-20 19:05:48.395] [info] [main.cpp:63] [QT] "    原始: REG[100]=0X41CF, REG[101]=0X2EF4" (:0)
[2026-05-20 19:05:48.395] [info] [main.cpp:63] [QT] "  湿度: 45.15 %RH" (:0)
[2026-05-20 19:05:48.395] [info] [main.cpp:63] [QT] "    原始: REG[102]=0X4234, REG[103]=0X9994" (:0)
[2026-05-20 19:05:48.395] [info] [main.cpp:63] [QT] "  大气压: 93.58 kPa" (:0)
[2026-05-20 19:05:48.395] [info] [main.cpp:63] [QT] "    原始: REG[104]=0X42BB, REG[105]=0X2B03" (:0)
[2026-05-20 19:05:48.395] [info] [main.cpp:63] [QT] "  露点温度: 13.11 °C" (:0)
[2026-05-20 19:05:48.395] [info] [main.cpp:63] [QT] "    原始: REG[106]=0X4151, REG[107]=0XBFB2" (:0)
[2026-05-20 19:05:48.395] [info] [main.cpp:63] [QT] "  海拔: 640.12 m" (:0)
[2026-05-20 19:05:48.395] [info] [main.cpp:63] [QT] "    原始: REG[108]=0X4420, REG[109]=0X078E" (:0)
[2026-05-20 19:05:48.395] [info] [main.cpp:63] [QT] "  含水量: 1092.72 mg/m³" (:0)
[2026-05-20 19:05:48.395] [info] [main.cpp:63] [QT] "    原始: REG[110]=0X4488, REG[111]=0X9720" (:0)
[2026-05-20 19:05:48.395] [info] [main.cpp:63] [QT] "  含水量百分比: 10.93 %" (:0)
[2026-05-20 19:05:48.395] [info] [main.cpp:63] [QT] "    原始: REG[112]=0X3DDF, REG[113]=0XCA23" (:0)
[2026-05-20 19:05:48.395] [info] [main.cpp:63] [QT] ================== (:0)
[2026-05-20 19:05:48.395] [info] [main.cpp:63] [QT] 数据已添加到缓冲区（每30次保存一次） (:0)
[2026-05-20 19:05:48.649] [info] [main.cpp:63] [QT] ====================================== (:0)
[2026-05-20 19:05:48.649] [info] [main.cpp:63] [QT] 断开设备连接... (:0)
[2026-05-20 19:05:48.649] [info] [main.cpp:63] [QT] 停止树控件更新 (:0)
[2026-05-20 19:05:48.649] [info] [main.cpp:63] [QT] 正在停止数据缓冲区... (:0)
[2026-05-20 19:05:48.649] [info] [main.cpp:63] [QT] 停止缓冲区定时器 (:0)
[2026-05-20 19:05:48.649] [info] [main.cpp:63] [QT] 清空数据缓冲区 (:0)
[2026-05-20 19:05:48.649] [info] [main.cpp:63] [QT] 数据缓冲区已完全停止 (:0)
[2026-05-20 19:05:48.649] [info] [main.cpp:63] [QT] 停止数据缓冲区 (:0)
[2026-05-20 19:05:48.750] [info] [main.cpp:63] [QT] 正在断开Modbus设备... (:0)
[2026-05-20 19:05:48.750] [info] [main.cpp:63] [QT] 停止连续读取数据 (:0)
[2026-05-20 19:05:48.750] [info] [main.cpp:63] [QT] 停止连续读取 (:0)
[2026-05-20 19:05:48.750] [info] [main.cpp:63] [QT] 设备状态: "断开中..." (:0)
[2026-05-20 19:05:48.757] [info] [main.cpp:63] [QT] 设备状态: "未连接" (:0)
[2026-05-20 19:05:48.757] [info] [main.cpp:63] [QT] 发送断开连接请求 (:0)
[2026-05-20 19:05:48.809] [info] [main.cpp:63] [QT] 删除Modbus设备对象 (:0)
[2026-05-20 19:05:48.809] [info] [main.cpp:63] [QT] Modbus设备断开完成 (:0)
[2026-05-20 19:05:48.809] [info] [main.cpp:63] [QT] 断开Modbus设备 (:0)
[2026-05-20 19:05:48.950] [info] [main.cpp:63] [QT] 设备已断开连接 (:0)
[2026-05-20 19:05:48.950] [info] [main.cpp:63] [QT] ====================================== (:0)
[2026-05-20 19:05:50.055] [info] [main.cpp:63] [QT] ========== 应用程序关闭事件 ========== (:0)
[2026-05-20 19:05:50.055] [info] [main.cpp:63] [QT] 开始安全关闭程序... (:0)
[2026-05-20 19:05:50.055] [info] [main.cpp:63] [QT] 程序可以安全关闭 (:0)
[2026-05-20 19:05:50.068] [info] [main.cpp:63] [QT] 开始析构，清理资源... (:0)
[2026-05-20 19:05:50.068] [info] [main.cpp:63] [QT] 停止树控件更新定时器... (:0)
[2026-05-20 19:05:50.068] [info] [main.cpp:63] [QT] 断开Modbus设备... (:0)
[2026-05-20 19:05:50.068] [info] [main.cpp:63] [QT] 正在断开Modbus设备... (:0)
[2026-05-20 19:05:50.068] [info] [main.cpp:63] [QT] Modbus设备断开完成 (:0)
[2026-05-20 19:05:50.268] [info] [main.cpp:63] [QT] 停止串口监控... (:0)
[2026-05-20 19:05:50.268] [info] [main.cpp:63] [QT] 串口热插拔监控已停止 (:0)
[2026-05-20 19:05:50.269] [info] [main.cpp:63] [QT] 清理UI资源... (:0)
[2026-05-20 19:05:50.269] [info] [main.cpp:63] [QT] ModbusManager析构开始... (:0)
[2026-05-20 19:05:50.269] [info] [main.cpp:63] [QT] 正在断开Modbus设备... (:0)
[2026-05-20 19:05:50.269] [info] [main.cpp:63] [QT] Modbus设备断开完成 (:0)
[2026-05-20 19:05:50.269] [info] [main.cpp:63] [QT] 清理读取定时器 (:0)
[2026-05-20 19:05:50.269] [info] [main.cpp:63] [QT] 清理连续读取定时器 (:0)
[2026-05-20 19:05:50.269] [info] [main.cpp:63] [QT] ModbusManager析构完成 (:0)
[2026-05-20 19:05:50.269] [info] [main.cpp:63] [QT] 析构完成 (:0)
